[0.011s] Invoking command in '/home/vlad/ros2_s/build/my_custom_srvs': CMAKE_PREFIX_PATH=${CMAKE_PREFIX_PATH}:/home/vlad/ros2_s/install/calculator:/home/vlad/ros2_s2/install/calculator:/opt/ros/jazzy DEBUGINFOD_URLS=https://debuginfod.ubuntu.com /usr/bin/cmake --build /home/vlad/ros2_s/build/my_custom_srvs -- -j8 -l8
[0.035s] -- Found ament_cmake: 2.5.4 (/opt/ros/jazzy/share/ament_cmake/cmake)
[0.060s] -- Found Python3: /usr/bin/python3 (found version "3.12.3") found components: Interpreter 
[0.138s] -- Found rosidl_default_generators: 1.6.0 (/opt/ros/jazzy/share/rosidl_default_generators/cmake)
[0.140s] -- Using all available rosidl_typesupport_c: rosidl_typesupport_fastrtps_c;rosidl_typesupport_introspection_c
[0.178s] -- Using all available rosidl_typesupport_cpp: rosidl_typesupport_fastrtps_cpp;rosidl_typesupport_introspection_cpp
[0.209s] -- Found rosidl_adapter: 4.6.6 (/opt/ros/jazzy/share/rosidl_adapter/cmake)
[0.478s] -- Found ament_cmake_ros: 0.12.0 (/opt/ros/jazzy/share/ament_cmake_ros/cmake)
[0.571s] -- Using all available rosidl_typesupport_c: rosidl_typesupport_fastrtps_c;rosidl_typesupport_introspection_c
[0.690s] -- Using all available rosidl_typesupport_cpp: rosidl_typesupport_fastrtps_cpp;rosidl_typesupport_introspection_cpp
[0.691s] -- Found python_cmake_module: 0.11.1 (/opt/ros/jazzy/share/python_cmake_module/cmake)
[0.945s] -- Found Python3: /usr/bin/python3 (found version "3.12.3") found components: Interpreter Development NumPy Development.Module Development.Embed 
[0.956s] -- Found ament_lint_auto: 0.17.3 (/opt/ros/jazzy/share/ament_lint_auto/cmake)
[0.965s] -- Added test 'lint_cmake' to check CMake code style
[0.966s] -- Added test 'xmllint' to check XML markup files
[0.968s] -- Configuring done (0.9s)
[1.004s] -- Generating done (0.0s)
[1.018s] -- Build files have been written to: /home/vlad/ros2_s/build/my_custom_srvs
[1.051s] [  2%] [34m[1mGenerating type hashes for ROS interfaces[0m
[1.060s] [  2%] Built target ament_cmake_python_copy_my_custom_srvs
[1.247s] [  2%] Built target my_custom_srvs__rosidl_generator_type_description
[1.257s] [  5%] [34m[1mGenerating C code for ROS interfaces[0m
[1.267s] [  8%] [34m[1mGenerating C++ code for ROS interfaces[0m
[1.272s] running egg_info
[1.294s] writing my_custom_srvs.egg-info/PKG-INFO
[1.294s] writing dependency_links to my_custom_srvs.egg-info/dependency_links.txt
[1.294s] writing top-level names to my_custom_srvs.egg-info/top_level.txt
[1.356s] reading manifest file 'my_custom_srvs.egg-info/SOURCES.txt'
[1.356s] writing manifest file 'my_custom_srvs.egg-info/SOURCES.txt'
[1.381s] [  8%] Built target ament_cmake_python_build_my_custom_srvs_egg
[1.542s] [  8%] Built target my_custom_srvs__cpp
[1.567s] [ 14%] [32mBuilding C object CMakeFiles/my_custom_srvs__rosidl_generator_c.dir/rosidl_generator_c/my_custom_srvs/srv/detail/calculate_two_numbers__functions.c.o[0m
[1.567s] [ 17%] [32mBuilding C object CMakeFiles/my_custom_srvs__rosidl_generator_c.dir/rosidl_generator_c/my_custom_srvs/srv/detail/calculate_two_numbers__type_support.c.o[0m
[1.567s] [ 17%] [32mBuilding C object CMakeFiles/my_custom_srvs__rosidl_generator_c.dir/rosidl_generator_c/my_custom_srvs/srv/detail/calculate_two_numbers__description.c.o[0m
[1.638s] [ 20%] [32m[1mLinking C shared library libmy_custom_srvs__rosidl_generator_c.so[0m
[1.672s] [ 20%] Built target my_custom_srvs__rosidl_generator_c
[1.684s] [ 26%] [34m[1mGenerating C type support dispatch for ROS interfaces[0m
[1.685s] [ 26%] [34m[1mGenerating C++ introspection for ROS interfaces[0m
[1.685s] [ 32%] [34m[1mGenerating C++ type support dispatch for ROS interfaces[0m
[1.686s] [ 32%] [34m[1mGenerating C type support for eProsima Fast-RTPS[0m
[1.686s] [ 35%] [34m[1mGenerating C++ type support for eProsima Fast-RTPS[0m
[1.694s] [ 38%] [34m[1mGenerating C introspection for ROS interfaces[0m
[1.993s] [ 41%] [32mBuilding C object CMakeFiles/my_custom_srvs__rosidl_typesupport_introspection_c.dir/rosidl_typesupport_introspection_c/my_custom_srvs/srv/detail/calculate_two_numbers__type_support.c.o[0m
[2.006s] [ 44%] [32mBuilding CXX object CMakeFiles/my_custom_srvs__rosidl_typesupport_fastrtps_cpp.dir/rosidl_typesupport_fastrtps_cpp/my_custom_srvs/srv/detail/dds_fastrtps/calculate_two_numbers__type_support.cpp.o[0m
[2.043s] [ 47%] [32m[1mLinking C shared library libmy_custom_srvs__rosidl_typesupport_introspection_c.so[0m
[2.072s] [ 50%] [32mBuilding CXX object CMakeFiles/my_custom_srvs__rosidl_typesupport_c.dir/rosidl_typesupport_c/my_custom_srvs/srv/calculate_two_numbers__type_support.cpp.o[0m
[2.080s] [ 52%] [32mBuilding CXX object CMakeFiles/my_custom_srvs__rosidl_typesupport_cpp.dir/rosidl_typesupport_cpp/my_custom_srvs/srv/calculate_two_numbers__type_support.cpp.o[0m
[2.087s] [ 52%] Built target my_custom_srvs__rosidl_typesupport_introspection_c
[2.113s] [ 55%] [32mBuilding CXX object CMakeFiles/my_custom_srvs__rosidl_typesupport_introspection_cpp.dir/rosidl_typesupport_introspection_cpp/my_custom_srvs/srv/detail/calculate_two_numbers__type_support.cpp.o[0m
[2.128s] [ 58%] [32m[1mLinking CXX shared library libmy_custom_srvs__rosidl_typesupport_c.so[0m
[2.171s] [ 58%] Built target my_custom_srvs__rosidl_typesupport_c
[2.189s] [ 61%] [32mBuilding CXX object CMakeFiles/my_custom_srvs__rosidl_typesupport_fastrtps_c.dir/rosidl_typesupport_fastrtps_c/my_custom_srvs/srv/detail/calculate_two_numbers__type_support_c.cpp.o[0m
[2.468s] [ 64%] [32m[1mLinking CXX shared library libmy_custom_srvs__rosidl_typesupport_cpp.so[0m
[2.532s] [ 67%] [32m[1mLinking CXX shared library libmy_custom_srvs__rosidl_typesupport_introspection_cpp.so[0m
[2.549s] [ 67%] Built target my_custom_srvs__rosidl_typesupport_cpp
[2.611s] [ 67%] Built target my_custom_srvs__rosidl_typesupport_introspection_cpp
[2.630s] [ 70%] [32m[1mLinking CXX shared library libmy_custom_srvs__rosidl_typesupport_fastrtps_cpp.so[0m
[2.677s] [ 73%] [32m[1mLinking CXX shared library libmy_custom_srvs__rosidl_typesupport_fastrtps_c.so[0m
[2.705s] [ 73%] Built target my_custom_srvs__rosidl_typesupport_fastrtps_cpp
[2.726s] [ 73%] Built target my_custom_srvs__rosidl_typesupport_fastrtps_c
[2.744s] [ 73%] Built target my_custom_srvs
[2.763s] [ 76%] [34m[1mGenerating Python code for ROS interfaces[0m
[3.121s] [ 76%] Built target my_custom_srvs__py
[3.143s] [ 79%] [32mBuilding C object CMakeFiles/my_custom_srvs__rosidl_generator_py.dir/rosidl_generator_py/my_custom_srvs/srv/_calculate_two_numbers_s.c.o[0m
[3.288s] [ 82%] [32m[1mLinking C shared library libmy_custom_srvs__rosidl_generator_py.so[0m
[3.328s] [ 82%] Built target my_custom_srvs__rosidl_generator_py
[3.351s] [ 85%] [32mBuilding C object CMakeFiles/my_custom_srvs_s__rosidl_typesupport_introspection_c.dir/rosidl_generator_py/my_custom_srvs/_my_custom_srvs_s.ep.rosidl_typesupport_introspection_c.c.o[0m
[3.351s] [ 88%] [32mBuilding C object CMakeFiles/my_custom_srvs_s__rosidl_typesupport_fastrtps_c.dir/rosidl_generator_py/my_custom_srvs/_my_custom_srvs_s.ep.rosidl_typesupport_fastrtps_c.c.o[0m
[3.352s] [ 91%] [32mBuilding C object CMakeFiles/my_custom_srvs_s__rosidl_typesupport_c.dir/rosidl_generator_py/my_custom_srvs/_my_custom_srvs_s.ep.rosidl_typesupport_c.c.o[0m
[3.462s] [ 94%] [32m[1mLinking C shared module rosidl_generator_py/my_custom_srvs/my_custom_srvs_s__rosidl_typesupport_c.so[0m
[3.464s] [ 97%] [32m[1mLinking C shared module rosidl_generator_py/my_custom_srvs/my_custom_srvs_s__rosidl_typesupport_fastrtps_c.so[0m
[3.466s] [100%] [32m[1mLinking C shared module rosidl_generator_py/my_custom_srvs/my_custom_srvs_s__rosidl_typesupport_introspection_c.so[0m
[3.492s] [100%] Built target my_custom_srvs_s__rosidl_typesupport_c
[3.498s] [100%] Built target my_custom_srvs_s__rosidl_typesupport_fastrtps_c
[3.501s] [100%] Built target my_custom_srvs_s__rosidl_typesupport_introspection_c
[3.513s] Invoked command in '/home/vlad/ros2_s/build/my_custom_srvs' returned '0': CMAKE_PREFIX_PATH=${CMAKE_PREFIX_PATH}:/home/vlad/ros2_s/install/calculator:/home/vlad/ros2_s2/install/calculator:/opt/ros/jazzy DEBUGINFOD_URLS=https://debuginfod.ubuntu.com /usr/bin/cmake --build /home/vlad/ros2_s/build/my_custom_srvs -- -j8 -l8
[3.522s] Invoking command in '/home/vlad/ros2_s/build/my_custom_srvs': CMAKE_PREFIX_PATH=${CMAKE_PREFIX_PATH}:/home/vlad/ros2_s/install/calculator:/home/vlad/ros2_s2/install/calculator:/opt/ros/jazzy DEBUGINFOD_URLS=https://debuginfod.ubuntu.com /usr/bin/cmake --install /home/vlad/ros2_s/build/my_custom_srvs
[3.530s] -- Install configuration: ""
[3.530s] -- Up-to-date: /home/vlad/ros2_s/install/my_custom_srvs/share/ament_index/resource_index/rosidl_interfaces/my_custom_srvs
[3.531s] -- Installing: /home/vlad/ros2_s/install/my_custom_srvs/share/my_custom_srvs/srv/CalculateTwoNumbers.json
[3.531s] -- Up-to-date: /home/vlad/ros2_s/install/my_custom_srvs/include/my_custom_srvs/my_custom_srvs
[3.531s] -- Up-to-date: /home/vlad/ros2_s/install/my_custom_srvs/include/my_custom_srvs/my_custom_srvs/srv
[3.531s] -- Up-to-date: /home/vlad/ros2_s/install/my_custom_srvs/include/my_custom_srvs/my_custom_srvs/srv/detail
[3.531s] -- Installing: /home/vlad/ros2_s/install/my_custom_srvs/include/my_custom_srvs/my_custom_srvs/srv/detail/calculate_two_numbers__functions.c
[3.531s] -- Installing: /home/vlad/ros2_s/install/my_custom_srvs/include/my_custom_srvs/my_custom_srvs/srv/detail/calculate_two_numbers__struct.h
[3.531s] -- Installing: /home/vlad/ros2_s/install/my_custom_srvs/include/my_custom_srvs/my_custom_srvs/srv/detail/calculate_two_numbers__functions.h
[3.531s] -- Installing: /home/vlad/ros2_s/install/my_custom_srvs/include/my_custom_srvs/my_custom_srvs/srv/detail/calculate_two_numbers__type_support.h
[3.531s] -- Installing: /home/vlad/ros2_s/install/my_custom_srvs/include/my_custom_srvs/my_custom_srvs/srv/detail/calculate_two_numbers__type_support.c
[3.532s] -- Installing: /home/vlad/ros2_s/install/my_custom_srvs/include/my_custom_srvs/my_custom_srvs/srv/detail/calculate_two_numbers__description.c
[3.532s] -- Installing: /home/vlad/ros2_s/install/my_custom_srvs/include/my_custom_srvs/my_custom_srvs/srv/calculate_two_numbers.h
[3.532s] -- Up-to-date: /home/vlad/ros2_s/install/my_custom_srvs/include/my_custom_srvs/my_custom_srvs/msg
[3.532s] -- Up-to-date: /home/vlad/ros2_s/install/my_custom_srvs/include/my_custom_srvs/my_custom_srvs/msg/rosidl_generator_c__visibility_control.h
[3.532s] -- Up-to-date: /home/vlad/ros2_s/install/my_custom_srvs/share/my_custom_srvs/environment/library_path.sh
[3.532s] -- Up-to-date: /home/vlad/ros2_s/install/my_custom_srvs/share/my_custom_srvs/environment/library_path.dsv
[3.532s] -- Installing: /home/vlad/ros2_s/install/my_custom_srvs/lib/libmy_custom_srvs__rosidl_generator_c.so
[3.532s] -- Set non-toolchain portion of runtime path of "/home/vlad/ros2_s/install/my_custom_srvs/lib/libmy_custom_srvs__rosidl_generator_c.so" to ""
[3.532s] -- Up-to-date: /home/vlad/ros2_s/install/my_custom_srvs/include/my_custom_srvs/my_custom_srvs
[3.532s] -- Up-to-date: /home/vlad/ros2_s/install/my_custom_srvs/include/my_custom_srvs/my_custom_srvs/srv
[3.532s] -- Up-to-date: /home/vlad/ros2_s/install/my_custom_srvs/include/my_custom_srvs/my_custom_srvs/srv/detail
[3.533s] -- Installing: /home/vlad/ros2_s/install/my_custom_srvs/include/my_custom_srvs/my_custom_srvs/srv/detail/calculate_two_numbers__rosidl_typesupport_fastrtps_c.h
[3.533s] -- Up-to-date: /home/vlad/ros2_s/install/my_custom_srvs/include/my_custom_srvs/my_custom_srvs/msg
[3.533s] -- Up-to-date: /home/vlad/ros2_s/install/my_custom_srvs/include/my_custom_srvs/my_custom_srvs/msg/rosidl_typesupport_fastrtps_c__visibility_control.h
[3.533s] -- Installing: /home/vlad/ros2_s/install/my_custom_srvs/lib/libmy_custom_srvs__rosidl_typesupport_fastrtps_c.so
[3.533s] -- Set non-toolchain portion of runtime path of "/home/vlad/ros2_s/install/my_custom_srvs/lib/libmy_custom_srvs__rosidl_typesupport_fastrtps_c.so" to ""
[3.533s] -- Up-to-date: /home/vlad/ros2_s/install/my_custom_srvs/include/my_custom_srvs/my_custom_srvs
[3.534s] -- Up-to-date: /home/vlad/ros2_s/install/my_custom_srvs/include/my_custom_srvs/my_custom_srvs/srv
[3.534s] -- Up-to-date: /home/vlad/ros2_s/install/my_custom_srvs/include/my_custom_srvs/my_custom_srvs/srv/detail
[3.534s] -- Installing: /home/vlad/ros2_s/install/my_custom_srvs/include/my_custom_srvs/my_custom_srvs/srv/detail/calculate_two_numbers__rosidl_typesupport_introspection_c.h
[3.534s] -- Up-to-date: /home/vlad/ros2_s/install/my_custom_srvs/include/my_custom_srvs/my_custom_srvs/srv/detail/calculate_two_numbers__type_support.c
[3.534s] -- Up-to-date: /home/vlad/ros2_s/install/my_custom_srvs/include/my_custom_srvs/my_custom_srvs/msg
[3.534s] -- Up-to-date: /home/vlad/ros2_s/install/my_custom_srvs/include/my_custom_srvs/my_custom_srvs/msg/rosidl_typesupport_introspection_c__visibility_control.h
[3.534s] -- Installing: /home/vlad/ros2_s/install/my_custom_srvs/lib/libmy_custom_srvs__rosidl_typesupport_introspection_c.so
[3.534s] -- Set non-toolchain portion of runtime path of "/home/vlad/ros2_s/install/my_custom_srvs/lib/libmy_custom_srvs__rosidl_typesupport_introspection_c.so" to ""
[3.534s] -- Installing: /home/vlad/ros2_s/install/my_custom_srvs/lib/libmy_custom_srvs__rosidl_typesupport_c.so
[3.535s] -- Set non-toolchain portion of runtime path of "/home/vlad/ros2_s/install/my_custom_srvs/lib/libmy_custom_srvs__rosidl_typesupport_c.so" to ""
[3.535s] -- Up-to-date: /home/vlad/ros2_s/install/my_custom_srvs/include/my_custom_srvs/my_custom_srvs
[3.535s] -- Up-to-date: /home/vlad/ros2_s/install/my_custom_srvs/include/my_custom_srvs/my_custom_srvs/srv
[3.535s] -- Up-to-date: /home/vlad/ros2_s/install/my_custom_srvs/include/my_custom_srvs/my_custom_srvs/srv/detail
[3.535s] -- Installing: /home/vlad/ros2_s/install/my_custom_srvs/include/my_custom_srvs/my_custom_srvs/srv/detail/calculate_two_numbers__type_support.hpp
[3.535s] -- Installing: /home/vlad/ros2_s/install/my_custom_srvs/include/my_custom_srvs/my_custom_srvs/srv/detail/calculate_two_numbers__traits.hpp
[3.535s] -- Installing: /home/vlad/ros2_s/install/my_custom_srvs/include/my_custom_srvs/my_custom_srvs/srv/detail/calculate_two_numbers__builder.hpp
[3.535s] -- Installing: /home/vlad/ros2_s/install/my_custom_srvs/include/my_custom_srvs/my_custom_srvs/srv/detail/calculate_two_numbers__struct.hpp
[3.535s] -- Installing: /home/vlad/ros2_s/install/my_custom_srvs/include/my_custom_srvs/my_custom_srvs/srv/calculate_two_numbers.hpp
[3.536s] -- Up-to-date: /home/vlad/ros2_s/install/my_custom_srvs/include/my_custom_srvs/my_custom_srvs/msg
[3.536s] -- Installing: /home/vlad/ros2_s/install/my_custom_srvs/include/my_custom_srvs/my_custom_srvs/msg/rosidl_generator_cpp__visibility_control.hpp
[3.536s] -- Up-to-date: /home/vlad/ros2_s/install/my_custom_srvs/include/my_custom_srvs/my_custom_srvs
[3.536s] -- Up-to-date: /home/vlad/ros2_s/install/my_custom_srvs/include/my_custom_srvs/my_custom_srvs/srv
[3.536s] -- Up-to-date: /home/vlad/ros2_s/install/my_custom_srvs/include/my_custom_srvs/my_custom_srvs/srv/detail
[3.536s] -- Installing: /home/vlad/ros2_s/install/my_custom_srvs/include/my_custom_srvs/my_custom_srvs/srv/detail/calculate_two_numbers__rosidl_typesupport_fastrtps_cpp.hpp
[3.536s] -- Up-to-date: /home/vlad/ros2_s/install/my_custom_srvs/include/my_custom_srvs/my_custom_srvs/srv/detail/dds_fastrtps
[3.536s] -- Up-to-date: /home/vlad/ros2_s/install/my_custom_srvs/include/my_custom_srvs/my_custom_srvs/msg
[3.536s] -- Up-to-date: /home/vlad/ros2_s/install/my_custom_srvs/include/my_custom_srvs/my_custom_srvs/msg/rosidl_typesupport_fastrtps_cpp__visibility_control.h
[3.536s] -- Installing: /home/vlad/ros2_s/install/my_custom_srvs/lib/libmy_custom_srvs__rosidl_typesupport_fastrtps_cpp.so
[3.537s] -- Set non-toolchain portion of runtime path of "/home/vlad/ros2_s/install/my_custom_srvs/lib/libmy_custom_srvs__rosidl_typesupport_fastrtps_cpp.so" to ""
[3.537s] -- Up-to-date: /home/vlad/ros2_s/install/my_custom_srvs/include/my_custom_srvs/my_custom_srvs
[3.537s] -- Up-to-date: /home/vlad/ros2_s/install/my_custom_srvs/include/my_custom_srvs/my_custom_srvs/srv
[3.537s] -- Up-to-date: /home/vlad/ros2_s/install/my_custom_srvs/include/my_custom_srvs/my_custom_srvs/srv/detail
[3.537s] -- Installing: /home/vlad/ros2_s/install/my_custom_srvs/include/my_custom_srvs/my_custom_srvs/srv/detail/calculate_two_numbers__rosidl_typesupport_introspection_cpp.hpp
[3.537s] -- Installing: /home/vlad/ros2_s/install/my_custom_srvs/include/my_custom_srvs/my_custom_srvs/srv/detail/calculate_two_numbers__type_support.cpp
[3.538s] -- Installing: /home/vlad/ros2_s/install/my_custom_srvs/lib/libmy_custom_srvs__rosidl_typesupport_introspection_cpp.so
[3.538s] -- Set non-toolchain portion of runtime path of "/home/vlad/ros2_s/install/my_custom_srvs/lib/libmy_custom_srvs__rosidl_typesupport_introspection_cpp.so" to ""
[3.538s] -- Installing: /home/vlad/ros2_s/install/my_custom_srvs/lib/libmy_custom_srvs__rosidl_typesupport_cpp.so
[3.539s] -- Set non-toolchain portion of runtime path of "/home/vlad/ros2_s/install/my_custom_srvs/lib/libmy_custom_srvs__rosidl_typesupport_cpp.so" to ""
[3.539s] -- Up-to-date: /home/vlad/ros2_s/install/my_custom_srvs/share/my_custom_srvs/environment/pythonpath.sh
[3.539s] -- Up-to-date: /home/vlad/ros2_s/install/my_custom_srvs/share/my_custom_srvs/environment/pythonpath.dsv
[3.539s] -- Up-to-date: /home/vlad/ros2_s/install/my_custom_srvs/lib/python3.12/site-packages/my_custom_srvs-0.0.0-py3.12.egg-info
[3.540s] -- Installing: /home/vlad/ros2_s/install/my_custom_srvs/lib/python3.12/site-packages/my_custom_srvs-0.0.0-py3.12.egg-info/PKG-INFO
[3.540s] -- Installing: /home/vlad/ros2_s/install/my_custom_srvs/lib/python3.12/site-packages/my_custom_srvs-0.0.0-py3.12.egg-info/dependency_links.txt
[3.540s] -- Installing: /home/vlad/ros2_s/install/my_custom_srvs/lib/python3.12/site-packages/my_custom_srvs-0.0.0-py3.12.egg-info/SOURCES.txt
[3.540s] -- Installing: /home/vlad/ros2_s/install/my_custom_srvs/lib/python3.12/site-packages/my_custom_srvs-0.0.0-py3.12.egg-info/top_level.txt
[3.540s] -- Up-to-date: /home/vlad/ros2_s/install/my_custom_srvs/lib/python3.12/site-packages/my_custom_srvs
[3.540s] -- Installing: /home/vlad/ros2_s/install/my_custom_srvs/lib/python3.12/site-packages/my_custom_srvs/my_custom_srvs_s__rosidl_typesupport_c.so
[3.540s] -- Installing: /home/vlad/ros2_s/install/my_custom_srvs/lib/python3.12/site-packages/my_custom_srvs/my_custom_srvs_s__rosidl_typesupport_fastrtps_c.so
[3.540s] -- Installing: /home/vlad/ros2_s/install/my_custom_srvs/lib/python3.12/site-packages/my_custom_srvs/_my_custom_srvs_s.ep.rosidl_typesupport_fastrtps_c.c
[3.540s] -- Installing: /home/vlad/ros2_s/install/my_custom_srvs/lib/python3.12/site-packages/my_custom_srvs/my_custom_srvs_s__rosidl_typesupport_introspection_c.so
[3.540s] -- Installing: /home/vlad/ros2_s/install/my_custom_srvs/lib/python3.12/site-packages/my_custom_srvs/__init__.py
[3.540s] -- Up-to-date: /home/vlad/ros2_s/install/my_custom_srvs/lib/python3.12/site-packages/my_custom_srvs/srv
[3.540s] -- Installing: /home/vlad/ros2_s/install/my_custom_srvs/lib/python3.12/site-packages/my_custom_srvs/srv/_calculate_two_numbers_s.c
[3.541s] -- Installing: /home/vlad/ros2_s/install/my_custom_srvs/lib/python3.12/site-packages/my_custom_srvs/srv/__init__.py
[3.541s] -- Installing: /home/vlad/ros2_s/install/my_custom_srvs/lib/python3.12/site-packages/my_custom_srvs/srv/_calculate_two_numbers.py
[3.541s] -- Installing: /home/vlad/ros2_s/install/my_custom_srvs/lib/python3.12/site-packages/my_custom_srvs/_my_custom_srvs_s.ep.rosidl_typesupport_c.c
[3.541s] -- Installing: /home/vlad/ros2_s/install/my_custom_srvs/lib/python3.12/site-packages/my_custom_srvs/_my_custom_srvs_s.ep.rosidl_typesupport_introspection_c.c
[3.581s] Listing '/home/vlad/ros2_s/install/my_custom_srvs/lib/python3.12/site-packages/my_custom_srvs'...
[3.581s] Compiling '/home/vlad/ros2_s/install/my_custom_srvs/lib/python3.12/site-packages/my_custom_srvs/__init__.py'...
[3.581s] Listing '/home/vlad/ros2_s/install/my_custom_srvs/lib/python3.12/site-packages/my_custom_srvs/srv'...
[3.581s] Compiling '/home/vlad/ros2_s/install/my_custom_srvs/lib/python3.12/site-packages/my_custom_srvs/srv/__init__.py'...
[3.581s] Compiling '/home/vlad/ros2_s/install/my_custom_srvs/lib/python3.12/site-packages/my_custom_srvs/srv/_calculate_two_numbers.py'...
[3.587s] -- Installing: /home/vlad/ros2_s/install/my_custom_srvs/lib/python3.12/site-packages/my_custom_srvs/my_custom_srvs_s__rosidl_typesupport_fastrtps_c.so
[3.587s] -- Set non-toolchain portion of runtime path of "/home/vlad/ros2_s/install/my_custom_srvs/lib/python3.12/site-packages/my_custom_srvs/my_custom_srvs_s__rosidl_typesupport_fastrtps_c.so" to ""
[3.587s] -- Installing: /home/vlad/ros2_s/install/my_custom_srvs/lib/python3.12/site-packages/my_custom_srvs/my_custom_srvs_s__rosidl_typesupport_introspection_c.so
[3.587s] -- Set non-toolchain portion of runtime path of "/home/vlad/ros2_s/install/my_custom_srvs/lib/python3.12/site-packages/my_custom_srvs/my_custom_srvs_s__rosidl_typesupport_introspection_c.so" to ""
[3.588s] -- Installing: /home/vlad/ros2_s/install/my_custom_srvs/lib/python3.12/site-packages/my_custom_srvs/my_custom_srvs_s__rosidl_typesupport_c.so
[3.588s] -- Set non-toolchain portion of runtime path of "/home/vlad/ros2_s/install/my_custom_srvs/lib/python3.12/site-packages/my_custom_srvs/my_custom_srvs_s__rosidl_typesupport_c.so" to ""
[3.588s] -- Installing: /home/vlad/ros2_s/install/my_custom_srvs/lib/libmy_custom_srvs__rosidl_generator_py.so
[3.589s] -- Set non-toolchain portion of runtime path of "/home/vlad/ros2_s/install/my_custom_srvs/lib/libmy_custom_srvs__rosidl_generator_py.so" to ""
[3.589s] -- Installing: /home/vlad/ros2_s/install/my_custom_srvs/share/my_custom_srvs/srv/CalculateTwoNumbers.idl
[3.589s] -- Installing: /home/vlad/ros2_s/install/my_custom_srvs/share/my_custom_srvs/srv/CalculateTwoNumbers.srv
[3.589s] -- Up-to-date: /home/vlad/ros2_s/install/my_custom_srvs/share/ament_index/resource_index/package_run_dependencies/my_custom_srvs
[3.589s] -- Up-to-date: /home/vlad/ros2_s/install/my_custom_srvs/share/ament_index/resource_index/parent_prefix_path/my_custom_srvs
[3.589s] -- Up-to-date: /home/vlad/ros2_s/install/my_custom_srvs/share/my_custom_srvs/environment/ament_prefix_path.sh
[3.589s] -- Up-to-date: /home/vlad/ros2_s/install/my_custom_srvs/share/my_custom_srvs/environment/ament_prefix_path.dsv
[3.589s] -- Up-to-date: /home/vlad/ros2_s/install/my_custom_srvs/share/my_custom_srvs/environment/path.sh
[3.589s] -- Up-to-date: /home/vlad/ros2_s/install/my_custom_srvs/share/my_custom_srvs/environment/path.dsv
[3.590s] -- Up-to-date: /home/vlad/ros2_s/install/my_custom_srvs/share/my_custom_srvs/local_setup.bash
[3.590s] -- Up-to-date: /home/vlad/ros2_s/install/my_custom_srvs/share/my_custom_srvs/local_setup.sh
[3.590s] -- Up-to-date: /home/vlad/ros2_s/install/my_custom_srvs/share/my_custom_srvs/local_setup.zsh
[3.590s] -- Up-to-date: /home/vlad/ros2_s/install/my_custom_srvs/share/my_custom_srvs/local_setup.dsv
[3.590s] -- Installing: /home/vlad/ros2_s/install/my_custom_srvs/share/my_custom_srvs/package.dsv
[3.590s] -- Up-to-date: /home/vlad/ros2_s/install/my_custom_srvs/share/ament_index/resource_index/packages/my_custom_srvs
[3.590s] -- Up-to-date: /home/vlad/ros2_s/install/my_custom_srvs/share/my_custom_srvs/cmake/export_my_custom_srvs__rosidl_generator_cExport.cmake
[3.590s] -- Up-to-date: /home/vlad/ros2_s/install/my_custom_srvs/share/my_custom_srvs/cmake/export_my_custom_srvs__rosidl_generator_cExport-noconfig.cmake
[3.590s] -- Up-to-date: /home/vlad/ros2_s/install/my_custom_srvs/share/my_custom_srvs/cmake/export_my_custom_srvs__rosidl_typesupport_fastrtps_cExport.cmake
[3.590s] -- Up-to-date: /home/vlad/ros2_s/install/my_custom_srvs/share/my_custom_srvs/cmake/export_my_custom_srvs__rosidl_typesupport_fastrtps_cExport-noconfig.cmake
[3.590s] -- Up-to-date: /home/vlad/ros2_s/install/my_custom_srvs/share/my_custom_srvs/cmake/my_custom_srvs__rosidl_typesupport_introspection_cExport.cmake
[3.590s] -- Up-to-date: /home/vlad/ros2_s/install/my_custom_srvs/share/my_custom_srvs/cmake/my_custom_srvs__rosidl_typesupport_introspection_cExport-noconfig.cmake
[3.591s] -- Up-to-date: /home/vlad/ros2_s/install/my_custom_srvs/share/my_custom_srvs/cmake/my_custom_srvs__rosidl_typesupport_cExport.cmake
[3.591s] -- Up-to-date: /home/vlad/ros2_s/install/my_custom_srvs/share/my_custom_srvs/cmake/my_custom_srvs__rosidl_typesupport_cExport-noconfig.cmake
[3.591s] -- Up-to-date: /home/vlad/ros2_s/install/my_custom_srvs/share/my_custom_srvs/cmake/export_my_custom_srvs__rosidl_generator_cppExport.cmake
[3.591s] -- Up-to-date: /home/vlad/ros2_s/install/my_custom_srvs/share/my_custom_srvs/cmake/export_my_custom_srvs__rosidl_typesupport_fastrtps_cppExport.cmake
[3.591s] -- Up-to-date: /home/vlad/ros2_s/install/my_custom_srvs/share/my_custom_srvs/cmake/export_my_custom_srvs__rosidl_typesupport_fastrtps_cppExport-noconfig.cmake
[3.591s] -- Up-to-date: /home/vlad/ros2_s/install/my_custom_srvs/share/my_custom_srvs/cmake/my_custom_srvs__rosidl_typesupport_introspection_cppExport.cmake
[3.591s] -- Up-to-date: /home/vlad/ros2_s/install/my_custom_srvs/share/my_custom_srvs/cmake/my_custom_srvs__rosidl_typesupport_introspection_cppExport-noconfig.cmake
[3.591s] -- Up-to-date: /home/vlad/ros2_s/install/my_custom_srvs/share/my_custom_srvs/cmake/my_custom_srvs__rosidl_typesupport_cppExport.cmake
[3.591s] -- Up-to-date: /home/vlad/ros2_s/install/my_custom_srvs/share/my_custom_srvs/cmake/my_custom_srvs__rosidl_typesupport_cppExport-noconfig.cmake
[3.591s] -- Up-to-date: /home/vlad/ros2_s/install/my_custom_srvs/share/my_custom_srvs/cmake/export_my_custom_srvs__rosidl_generator_pyExport.cmake
[3.591s] -- Up-to-date: /home/vlad/ros2_s/install/my_custom_srvs/share/my_custom_srvs/cmake/export_my_custom_srvs__rosidl_generator_pyExport-noconfig.cmake
[3.592s] -- Up-to-date: /home/vlad/ros2_s/install/my_custom_srvs/share/my_custom_srvs/cmake/rosidl_cmake-extras.cmake
[3.592s] -- Up-to-date: /home/vlad/ros2_s/install/my_custom_srvs/share/my_custom_srvs/cmake/ament_cmake_export_dependencies-extras.cmake
[3.592s] -- Up-to-date: /home/vlad/ros2_s/install/my_custom_srvs/share/my_custom_srvs/cmake/ament_cmake_export_include_directories-extras.cmake
[3.592s] -- Up-to-date: /home/vlad/ros2_s/install/my_custom_srvs/share/my_custom_srvs/cmake/ament_cmake_export_libraries-extras.cmake
[3.592s] -- Up-to-date: /home/vlad/ros2_s/install/my_custom_srvs/share/my_custom_srvs/cmake/ament_cmake_export_targets-extras.cmake
[3.592s] -- Up-to-date: /home/vlad/ros2_s/install/my_custom_srvs/share/my_custom_srvs/cmake/rosidl_cmake_export_typesupport_targets-extras.cmake
[3.592s] -- Up-to-date: /home/vlad/ros2_s/install/my_custom_srvs/share/my_custom_srvs/cmake/rosidl_cmake_export_typesupport_libraries-extras.cmake
[3.592s] -- Up-to-date: /home/vlad/ros2_s/install/my_custom_srvs/share/my_custom_srvs/cmake/my_custom_srvsConfig.cmake
[3.592s] -- Up-to-date: /home/vlad/ros2_s/install/my_custom_srvs/share/my_custom_srvs/cmake/my_custom_srvsConfig-version.cmake
[3.592s] -- Up-to-date: /home/vlad/ros2_s/install/my_custom_srvs/share/my_custom_srvs/package.xml
[3.594s] Invoked command in '/home/vlad/ros2_s/build/my_custom_srvs' returned '0': CMAKE_PREFIX_PATH=${CMAKE_PREFIX_PATH}:/home/vlad/ros2_s/install/calculator:/home/vlad/ros2_s2/install/calculator:/opt/ros/jazzy DEBUGINFOD_URLS=https://debuginfod.ubuntu.com /usr/bin/cmake --install /home/vlad/ros2_s/build/my_custom_srvs
