[0.109s] DEBUG:colcon:Command line arguments: ['/usr/bin/colcon', 'build']
[0.109s] DEBUG:colcon:Parsed command line arguments: Namespace(log_base=None, log_level=None, verb_name='build', build_base='build', install_base='install', merge_install=False, symlink_install=False, test_result_base=None, continue_on_error=False, executor='parallel', parallel_workers=8, event_handlers=None, ignore_user_meta=False, metas=['./colcon.meta'], base_paths=['.'], packages_ignore=None, packages_ignore_regex=None, paths=None, packages_up_to=None, packages_up_to_regex=None, packages_above=None, packages_above_and_dependencies=None, packages_above_depth=None, packages_select_by_dep=None, packages_skip_by_dep=None, packages_skip_up_to=None, packages_select_build_failed=False, packages_skip_build_finished=False, packages_select_test_failures=False, packages_skip_test_passed=False, packages_select=None, packages_skip=None, packages_select_regex=None, packages_skip_regex=None, packages_start=None, packages_end=None, allow_overriding=[], cmake_args=None, cmake_target=None, cmake_target_skip_unavailable=False, cmake_clean_cache=False, cmake_clean_first=False, cmake_force_configure=False, ament_cmake_args=None, catkin_cmake_args=None, catkin_skip_building_tests=False, verb_parser=<colcon_defaults.argument_parser.defaults.DefaultArgumentsDecorator object at 0x7ae349c6ef90>, verb_extension=<colcon_core.verb.build.BuildVerb object at 0x7ae349d9b380>, main=<bound method BuildVerb.main of <colcon_core.verb.build.BuildVerb object at 0x7ae349d9b380>>)
[0.149s] Level 1:colcon.colcon_core.package_discovery:discover_packages(colcon_meta) check parameters
[0.149s] Level 1:colcon.colcon_core.package_discovery:discover_packages(recursive) check parameters
[0.149s] Level 1:colcon.colcon_core.package_discovery:discover_packages(ignore) check parameters
[0.149s] Level 1:colcon.colcon_core.package_discovery:discover_packages(path) check parameters
[0.149s] Level 1:colcon.colcon_core.package_discovery:discover_packages(colcon_meta) discover
[0.150s] Level 1:colcon.colcon_core.package_discovery:discover_packages(recursive) discover
[0.150s] INFO:colcon.colcon_core.package_discovery:Crawling recursively for packages in '/home/vlad/ros2_s'
[0.150s] Level 1:colcon.colcon_core.package_identification:_identify(.) by extensions ['ignore', 'ignore_ament_install']
[0.150s] Level 1:colcon.colcon_core.package_identification:_identify(.) by extension 'ignore'
[0.150s] Level 1:colcon.colcon_core.package_identification:_identify(.) by extension 'ignore_ament_install'
[0.150s] Level 1:colcon.colcon_core.package_identification:_identify(.) by extensions ['colcon_pkg']
[0.150s] Level 1:colcon.colcon_core.package_identification:_identify(.) by extension 'colcon_pkg'
[0.150s] Level 1:colcon.colcon_core.package_identification:_identify(.) by extensions ['colcon_meta']
[0.150s] Level 1:colcon.colcon_core.package_identification:_identify(.) by extension 'colcon_meta'
[0.150s] Level 1:colcon.colcon_core.package_identification:_identify(.) by extensions ['ros']
[0.150s] Level 1:colcon.colcon_core.package_identification:_identify(.) by extension 'ros'
[0.176s] Level 1:colcon.colcon_core.package_identification:_identify(.) by extensions ['cmake', 'python']
[0.176s] Level 1:colcon.colcon_core.package_identification:_identify(.) by extension 'cmake'
[0.176s] Level 1:colcon.colcon_core.package_identification:_identify(.) by extension 'python'
[0.176s] Level 1:colcon.colcon_core.package_identification:_identify(.) by extensions ['python_setup_py']
[0.176s] Level 1:colcon.colcon_core.package_identification:_identify(.) by extension 'python_setup_py'
[0.176s] Level 1:colcon.colcon_core.package_identification:_identify(build) by extensions ['ignore', 'ignore_ament_install']
[0.177s] Level 1:colcon.colcon_core.package_identification:_identify(build) by extension 'ignore'
[0.177s] Level 1:colcon.colcon_core.package_identification:_identify(build) ignored
[0.177s] Level 1:colcon.colcon_core.package_identification:_identify(install) by extensions ['ignore', 'ignore_ament_install']
[0.177s] Level 1:colcon.colcon_core.package_identification:_identify(install) by extension 'ignore'
[0.177s] Level 1:colcon.colcon_core.package_identification:_identify(install) ignored
[0.177s] Level 1:colcon.colcon_core.package_identification:_identify(log) by extensions ['ignore', 'ignore_ament_install']
[0.177s] Level 1:colcon.colcon_core.package_identification:_identify(log) by extension 'ignore'
[0.177s] Level 1:colcon.colcon_core.package_identification:_identify(log) ignored
[0.177s] Level 1:colcon.colcon_core.package_identification:_identify(src) by extensions ['ignore', 'ignore_ament_install']
[0.177s] Level 1:colcon.colcon_core.package_identification:_identify(src) by extension 'ignore'
[0.178s] Level 1:colcon.colcon_core.package_identification:_identify(src) by extension 'ignore_ament_install'
[0.178s] Level 1:colcon.colcon_core.package_identification:_identify(src) by extensions ['colcon_pkg']
[0.178s] Level 1:colcon.colcon_core.package_identification:_identify(src) by extension 'colcon_pkg'
[0.178s] Level 1:colcon.colcon_core.package_identification:_identify(src) by extensions ['colcon_meta']
[0.178s] Level 1:colcon.colcon_core.package_identification:_identify(src) by extension 'colcon_meta'
[0.178s] Level 1:colcon.colcon_core.package_identification:_identify(src) by extensions ['ros']
[0.178s] Level 1:colcon.colcon_core.package_identification:_identify(src) by extension 'ros'
[0.178s] Level 1:colcon.colcon_core.package_identification:_identify(src) by extensions ['cmake', 'python']
[0.178s] Level 1:colcon.colcon_core.package_identification:_identify(src) by extension 'cmake'
[0.178s] Level 1:colcon.colcon_core.package_identification:_identify(src) by extension 'python'
[0.178s] Level 1:colcon.colcon_core.package_identification:_identify(src) by extensions ['python_setup_py']
[0.178s] Level 1:colcon.colcon_core.package_identification:_identify(src) by extension 'python_setup_py'
[0.178s] Level 1:colcon.colcon_core.package_identification:_identify(src/calculator) by extensions ['ignore', 'ignore_ament_install']
[0.178s] Level 1:colcon.colcon_core.package_identification:_identify(src/calculator) by extension 'ignore'
[0.178s] Level 1:colcon.colcon_core.package_identification:_identify(src/calculator) by extension 'ignore_ament_install'
[0.178s] Level 1:colcon.colcon_core.package_identification:_identify(src/calculator) by extensions ['colcon_pkg']
[0.178s] Level 1:colcon.colcon_core.package_identification:_identify(src/calculator) by extension 'colcon_pkg'
[0.178s] Level 1:colcon.colcon_core.package_identification:_identify(src/calculator) by extensions ['colcon_meta']
[0.178s] Level 1:colcon.colcon_core.package_identification:_identify(src/calculator) by extension 'colcon_meta'
[0.178s] Level 1:colcon.colcon_core.package_identification:_identify(src/calculator) by extensions ['ros']
[0.179s] Level 1:colcon.colcon_core.package_identification:_identify(src/calculator) by extension 'ros'
[0.181s] DEBUG:colcon.colcon_core.package_identification:Package 'src/calculator' with type 'ros.ament_python' and name 'calculator'
[0.181s] Level 1:colcon.colcon_core.package_identification:_identify(src/my_custom_srvs) by extensions ['ignore', 'ignore_ament_install']
[0.181s] Level 1:colcon.colcon_core.package_identification:_identify(src/my_custom_srvs) by extension 'ignore'
[0.182s] Level 1:colcon.colcon_core.package_identification:_identify(src/my_custom_srvs) by extension 'ignore_ament_install'
[0.182s] Level 1:colcon.colcon_core.package_identification:_identify(src/my_custom_srvs) by extensions ['colcon_pkg']
[0.182s] Level 1:colcon.colcon_core.package_identification:_identify(src/my_custom_srvs) by extension 'colcon_pkg'
[0.182s] Level 1:colcon.colcon_core.package_identification:_identify(src/my_custom_srvs) by extensions ['colcon_meta']
[0.182s] Level 1:colcon.colcon_core.package_identification:_identify(src/my_custom_srvs) by extension 'colcon_meta'
[0.182s] Level 1:colcon.colcon_core.package_identification:_identify(src/my_custom_srvs) by extensions ['ros']
[0.182s] Level 1:colcon.colcon_core.package_identification:_identify(src/my_custom_srvs) by extension 'ros'
[0.182s] DEBUG:colcon.colcon_core.package_identification:Package 'src/my_custom_srvs' with type 'ros.ament_cmake' and name 'my_custom_srvs'
[0.182s] Level 1:colcon.colcon_core.package_discovery:discover_packages(recursive) using defaults
[0.182s] Level 1:colcon.colcon_core.package_discovery:discover_packages(ignore) discover
[0.182s] Level 1:colcon.colcon_core.package_discovery:discover_packages(ignore) using defaults
[0.182s] Level 1:colcon.colcon_core.package_discovery:discover_packages(path) discover
[0.182s] Level 1:colcon.colcon_core.package_discovery:discover_packages(path) using defaults
[0.200s] Level 1:colcon.colcon_core.package_discovery:discover_packages(prefix_path) check parameters
[0.200s] Level 1:colcon.colcon_core.package_discovery:discover_packages(prefix_path) discover
[0.201s] DEBUG:colcon.colcon_installed_package_information.package_discovery:Found 2 installed packages in /home/vlad/ros2_s/install
[0.201s] DEBUG:colcon.colcon_installed_package_information.package_discovery:Found 1 installed packages in /home/vlad/ros2_s2/install
[0.203s] DEBUG:colcon.colcon_installed_package_information.package_discovery:Found 285 installed packages in /opt/ros/jazzy
[0.204s] Level 1:colcon.colcon_core.package_discovery:discover_packages(prefix_path) using defaults
[0.248s] Level 5:colcon.colcon_core.verb:set package 'my_custom_srvs' build argument 'cmake_args' from command line to 'None'
[0.248s] Level 5:colcon.colcon_core.verb:set package 'my_custom_srvs' build argument 'cmake_target' from command line to 'None'
[0.248s] Level 5:colcon.colcon_core.verb:set package 'my_custom_srvs' build argument 'cmake_target_skip_unavailable' from command line to 'False'
[0.248s] Level 5:colcon.colcon_core.verb:set package 'my_custom_srvs' build argument 'cmake_clean_cache' from command line to 'False'
[0.248s] Level 5:colcon.colcon_core.verb:set package 'my_custom_srvs' build argument 'cmake_clean_first' from command line to 'False'
[0.248s] Level 5:colcon.colcon_core.verb:set package 'my_custom_srvs' build argument 'cmake_force_configure' from command line to 'False'
[0.248s] Level 5:colcon.colcon_core.verb:set package 'my_custom_srvs' build argument 'ament_cmake_args' from command line to 'None'
[0.248s] Level 5:colcon.colcon_core.verb:set package 'my_custom_srvs' build argument 'catkin_cmake_args' from command line to 'None'
[0.248s] Level 5:colcon.colcon_core.verb:set package 'my_custom_srvs' build argument 'catkin_skip_building_tests' from command line to 'False'
[0.248s] DEBUG:colcon.colcon_core.verb:Building package 'my_custom_srvs' with the following arguments: {'ament_cmake_args': None, 'build_base': '/home/vlad/ros2_s/build/my_custom_srvs', 'catkin_cmake_args': None, 'catkin_skip_building_tests': False, 'cmake_args': None, 'cmake_clean_cache': False, 'cmake_clean_first': False, 'cmake_force_configure': False, 'cmake_target': None, 'cmake_target_skip_unavailable': False, 'install_base': '/home/vlad/ros2_s/install/my_custom_srvs', 'merge_install': False, 'path': '/home/vlad/ros2_s/src/my_custom_srvs', 'symlink_install': False, 'test_result_base': None}
[0.248s] Level 5:colcon.colcon_core.verb:set package 'calculator' build argument 'cmake_args' from command line to 'None'
[0.248s] Level 5:colcon.colcon_core.verb:set package 'calculator' build argument 'cmake_target' from command line to 'None'
[0.248s] Level 5:colcon.colcon_core.verb:set package 'calculator' build argument 'cmake_target_skip_unavailable' from command line to 'False'
[0.248s] Level 5:colcon.colcon_core.verb:set package 'calculator' build argument 'cmake_clean_cache' from command line to 'False'
[0.248s] Level 5:colcon.colcon_core.verb:set package 'calculator' build argument 'cmake_clean_first' from command line to 'False'
[0.248s] Level 5:colcon.colcon_core.verb:set package 'calculator' build argument 'cmake_force_configure' from command line to 'False'
[0.248s] Level 5:colcon.colcon_core.verb:set package 'calculator' build argument 'ament_cmake_args' from command line to 'None'
[0.248s] Level 5:colcon.colcon_core.verb:set package 'calculator' build argument 'catkin_cmake_args' from command line to 'None'
[0.248s] Level 5:colcon.colcon_core.verb:set package 'calculator' build argument 'catkin_skip_building_tests' from command line to 'False'
[0.249s] DEBUG:colcon.colcon_core.verb:Building package 'calculator' with the following arguments: {'ament_cmake_args': None, 'build_base': '/home/vlad/ros2_s/build/calculator', 'catkin_cmake_args': None, 'catkin_skip_building_tests': False, 'cmake_args': None, 'cmake_clean_cache': False, 'cmake_clean_first': False, 'cmake_force_configure': False, 'cmake_target': None, 'cmake_target_skip_unavailable': False, 'install_base': '/home/vlad/ros2_s/install/calculator', 'merge_install': False, 'path': '/home/vlad/ros2_s/src/calculator', 'symlink_install': False, 'test_result_base': None}
[0.249s] INFO:colcon.colcon_core.executor:Executing jobs using 'parallel' executor
[0.250s] DEBUG:colcon.colcon_parallel_executor.executor.parallel:run_until_complete
[0.250s] INFO:colcon.colcon_ros.task.ament_cmake.build:Building ROS package in '/home/vlad/ros2_s/src/my_custom_srvs' with build type 'ament_cmake'
[0.250s] INFO:colcon.colcon_cmake.task.cmake.build:Building CMake package in '/home/vlad/ros2_s/src/my_custom_srvs'
[0.252s] INFO:colcon.colcon_core.plugin_system:Skipping extension 'colcon_core.shell.bat': Not used on non-Windows systems
[0.252s] INFO:colcon.colcon_core.shell:Skip shell extension 'powershell' for command environment: Not usable outside of PowerShell
[0.252s] DEBUG:colcon.colcon_core.shell:Skip shell extension 'dsv' for command environment
[0.262s] DEBUG:colcon.colcon_core.event_handler.log_command:Invoking command in '/home/vlad/ros2_s/build/my_custom_srvs': CMAKE_PREFIX_PATH=${CMAKE_PREFIX_PATH}:/home/vlad/ros2_s/install/calculator:/home/vlad/ros2_s2/install/calculator:/opt/ros/jazzy DEBUGINFOD_URLS=https://debuginfod.ubuntu.com /usr/bin/cmake --build /home/vlad/ros2_s/build/my_custom_srvs -- -j8 -l8
[0.661s] DEBUG:colcon.colcon_core.event_handler.log_command:Invoked command in '/home/vlad/ros2_s/build/my_custom_srvs' returned '0': CMAKE_PREFIX_PATH=${CMAKE_PREFIX_PATH}:/home/vlad/ros2_s/install/calculator:/home/vlad/ros2_s2/install/calculator:/opt/ros/jazzy DEBUGINFOD_URLS=https://debuginfod.ubuntu.com /usr/bin/cmake --build /home/vlad/ros2_s/build/my_custom_srvs -- -j8 -l8
[0.670s] DEBUG:colcon.colcon_core.event_handler.log_command:Invoking command in '/home/vlad/ros2_s/build/my_custom_srvs': CMAKE_PREFIX_PATH=${CMAKE_PREFIX_PATH}:/home/vlad/ros2_s/install/calculator:/home/vlad/ros2_s2/install/calculator:/opt/ros/jazzy DEBUGINFOD_URLS=https://debuginfod.ubuntu.com /usr/bin/cmake --install /home/vlad/ros2_s/build/my_custom_srvs
[0.732s] Level 1:colcon.colcon_core.environment:create_environment_scripts_only(my_custom_srvs)
[0.732s] DEBUG:colcon.colcon_core.event_handler.log_command:Invoked command in '/home/vlad/ros2_s/build/my_custom_srvs' returned '0': CMAKE_PREFIX_PATH=${CMAKE_PREFIX_PATH}:/home/vlad/ros2_s/install/calculator:/home/vlad/ros2_s2/install/calculator:/opt/ros/jazzy DEBUGINFOD_URLS=https://debuginfod.ubuntu.com /usr/bin/cmake --install /home/vlad/ros2_s/build/my_custom_srvs
[0.734s] Level 1:colcon.colcon_core.environment:checking '/home/vlad/ros2_s/install/my_custom_srvs' for CMake module files
[0.735s] Level 1:colcon.colcon_core.environment:checking '/home/vlad/ros2_s/install/my_custom_srvs' for CMake config files
[0.735s] Level 1:colcon.colcon_core.shell:create_environment_hook('my_custom_srvs', 'cmake_prefix_path')
[0.735s] INFO:colcon.colcon_core.shell:Creating environment hook '/home/vlad/ros2_s/install/my_custom_srvs/share/my_custom_srvs/hook/cmake_prefix_path.ps1'
[0.736s] INFO:colcon.colcon_core.shell:Creating environment descriptor '/home/vlad/ros2_s/install/my_custom_srvs/share/my_custom_srvs/hook/cmake_prefix_path.dsv'
[0.736s] INFO:colcon.colcon_core.shell:Creating environment hook '/home/vlad/ros2_s/install/my_custom_srvs/share/my_custom_srvs/hook/cmake_prefix_path.sh'
[0.737s] Level 1:colcon.colcon_core.environment:checking '/home/vlad/ros2_s/install/my_custom_srvs/lib'
[0.737s] Level 1:colcon.colcon_core.shell:create_environment_hook('my_custom_srvs', 'ld_library_path_lib')
[0.737s] INFO:colcon.colcon_core.shell:Creating environment hook '/home/vlad/ros2_s/install/my_custom_srvs/share/my_custom_srvs/hook/ld_library_path_lib.ps1'
[0.738s] INFO:colcon.colcon_core.shell:Creating environment descriptor '/home/vlad/ros2_s/install/my_custom_srvs/share/my_custom_srvs/hook/ld_library_path_lib.dsv'
[0.738s] INFO:colcon.colcon_core.shell:Creating environment hook '/home/vlad/ros2_s/install/my_custom_srvs/share/my_custom_srvs/hook/ld_library_path_lib.sh'
[0.738s] Level 1:colcon.colcon_core.environment:checking '/home/vlad/ros2_s/install/my_custom_srvs/bin'
[0.738s] Level 1:colcon.colcon_core.environment:checking '/home/vlad/ros2_s/install/my_custom_srvs/lib/pkgconfig/my_custom_srvs.pc'
[0.739s] Level 1:colcon.colcon_core.environment:checking '/home/vlad/ros2_s/install/my_custom_srvs/lib/python3.12/site-packages'
[0.739s] Level 1:colcon.colcon_core.shell:create_environment_hook('my_custom_srvs', 'pythonpath')
[0.739s] INFO:colcon.colcon_core.shell:Creating environment hook '/home/vlad/ros2_s/install/my_custom_srvs/share/my_custom_srvs/hook/pythonpath.ps1'
[0.739s] INFO:colcon.colcon_core.shell:Creating environment descriptor '/home/vlad/ros2_s/install/my_custom_srvs/share/my_custom_srvs/hook/pythonpath.dsv'
[0.739s] INFO:colcon.colcon_core.shell:Creating environment hook '/home/vlad/ros2_s/install/my_custom_srvs/share/my_custom_srvs/hook/pythonpath.sh'
[0.740s] Level 1:colcon.colcon_core.environment:checking '/home/vlad/ros2_s/install/my_custom_srvs/bin'
[0.740s] INFO:colcon.colcon_core.shell:Creating package script '/home/vlad/ros2_s/install/my_custom_srvs/share/my_custom_srvs/package.ps1'
[0.741s] INFO:colcon.colcon_core.shell:Creating package descriptor '/home/vlad/ros2_s/install/my_custom_srvs/share/my_custom_srvs/package.dsv'
[0.741s] INFO:colcon.colcon_core.shell:Creating package script '/home/vlad/ros2_s/install/my_custom_srvs/share/my_custom_srvs/package.sh'
[0.742s] INFO:colcon.colcon_core.shell:Creating package script '/home/vlad/ros2_s/install/my_custom_srvs/share/my_custom_srvs/package.bash'
[0.743s] INFO:colcon.colcon_core.shell:Creating package script '/home/vlad/ros2_s/install/my_custom_srvs/share/my_custom_srvs/package.zsh'
[0.743s] Level 1:colcon.colcon_core.environment:create_file_with_runtime_dependencies(/home/vlad/ros2_s/install/my_custom_srvs/share/colcon-core/packages/my_custom_srvs)
[0.744s] Level 1:colcon.colcon_core.environment:create_environment_scripts_only(my_custom_srvs)
[0.744s] Level 1:colcon.colcon_core.environment:checking '/home/vlad/ros2_s/install/my_custom_srvs' for CMake module files
[0.744s] Level 1:colcon.colcon_core.environment:checking '/home/vlad/ros2_s/install/my_custom_srvs' for CMake config files
[0.745s] Level 1:colcon.colcon_core.shell:create_environment_hook('my_custom_srvs', 'cmake_prefix_path')
[0.745s] INFO:colcon.colcon_core.shell:Creating environment hook '/home/vlad/ros2_s/install/my_custom_srvs/share/my_custom_srvs/hook/cmake_prefix_path.ps1'
[0.745s] INFO:colcon.colcon_core.shell:Creating environment descriptor '/home/vlad/ros2_s/install/my_custom_srvs/share/my_custom_srvs/hook/cmake_prefix_path.dsv'
[0.745s] INFO:colcon.colcon_core.shell:Creating environment hook '/home/vlad/ros2_s/install/my_custom_srvs/share/my_custom_srvs/hook/cmake_prefix_path.sh'
[0.746s] Level 1:colcon.colcon_core.environment:checking '/home/vlad/ros2_s/install/my_custom_srvs/lib'
[0.746s] Level 1:colcon.colcon_core.shell:create_environment_hook('my_custom_srvs', 'ld_library_path_lib')
[0.746s] INFO:colcon.colcon_core.shell:Creating environment hook '/home/vlad/ros2_s/install/my_custom_srvs/share/my_custom_srvs/hook/ld_library_path_lib.ps1'
[0.746s] INFO:colcon.colcon_core.shell:Creating environment descriptor '/home/vlad/ros2_s/install/my_custom_srvs/share/my_custom_srvs/hook/ld_library_path_lib.dsv'
[0.747s] INFO:colcon.colcon_core.shell:Creating environment hook '/home/vlad/ros2_s/install/my_custom_srvs/share/my_custom_srvs/hook/ld_library_path_lib.sh'
[0.747s] Level 1:colcon.colcon_core.environment:checking '/home/vlad/ros2_s/install/my_custom_srvs/bin'
[0.747s] Level 1:colcon.colcon_core.environment:checking '/home/vlad/ros2_s/install/my_custom_srvs/lib/pkgconfig/my_custom_srvs.pc'
[0.747s] Level 1:colcon.colcon_core.environment:checking '/home/vlad/ros2_s/install/my_custom_srvs/lib/python3.12/site-packages'
[0.747s] Level 1:colcon.colcon_core.shell:create_environment_hook('my_custom_srvs', 'pythonpath')
[0.748s] INFO:colcon.colcon_core.shell:Creating environment hook '/home/vlad/ros2_s/install/my_custom_srvs/share/my_custom_srvs/hook/pythonpath.ps1'
[0.748s] INFO:colcon.colcon_core.shell:Creating environment descriptor '/home/vlad/ros2_s/install/my_custom_srvs/share/my_custom_srvs/hook/pythonpath.dsv'
[0.748s] INFO:colcon.colcon_core.shell:Creating environment hook '/home/vlad/ros2_s/install/my_custom_srvs/share/my_custom_srvs/hook/pythonpath.sh'
[0.749s] Level 1:colcon.colcon_core.environment:checking '/home/vlad/ros2_s/install/my_custom_srvs/bin'
[0.749s] INFO:colcon.colcon_core.shell:Creating package script '/home/vlad/ros2_s/install/my_custom_srvs/share/my_custom_srvs/package.ps1'
[0.749s] INFO:colcon.colcon_core.shell:Creating package descriptor '/home/vlad/ros2_s/install/my_custom_srvs/share/my_custom_srvs/package.dsv'
[0.750s] INFO:colcon.colcon_core.shell:Creating package script '/home/vlad/ros2_s/install/my_custom_srvs/share/my_custom_srvs/package.sh'
[0.751s] INFO:colcon.colcon_core.shell:Creating package script '/home/vlad/ros2_s/install/my_custom_srvs/share/my_custom_srvs/package.bash'
[0.751s] INFO:colcon.colcon_core.shell:Creating package script '/home/vlad/ros2_s/install/my_custom_srvs/share/my_custom_srvs/package.zsh'
[0.751s] Level 1:colcon.colcon_core.environment:create_file_with_runtime_dependencies(/home/vlad/ros2_s/install/my_custom_srvs/share/colcon-core/packages/my_custom_srvs)
[0.752s] INFO:colcon.colcon_ros.task.ament_python.build:Building ROS package in '/home/vlad/ros2_s/src/calculator' with build type 'ament_python'
[0.752s] Level 1:colcon.colcon_core.shell:create_environment_hook('calculator', 'ament_prefix_path')
[0.752s] INFO:colcon.colcon_core.shell:Creating environment hook '/home/vlad/ros2_s/install/calculator/share/calculator/hook/ament_prefix_path.ps1'
[0.753s] INFO:colcon.colcon_core.shell:Creating environment descriptor '/home/vlad/ros2_s/install/calculator/share/calculator/hook/ament_prefix_path.dsv'
[0.753s] INFO:colcon.colcon_core.shell:Creating environment hook '/home/vlad/ros2_s/install/calculator/share/calculator/hook/ament_prefix_path.sh'
[0.754s] INFO:colcon.colcon_core.shell:Skip shell extension 'powershell' for command environment: Not usable outside of PowerShell
[0.754s] DEBUG:colcon.colcon_core.shell:Skip shell extension 'dsv' for command environment
[0.962s] INFO:colcon.colcon_core.task.python.build:Building Python package in '/home/vlad/ros2_s/src/calculator'
[0.962s] INFO:colcon.colcon_core.shell:Skip shell extension 'powershell' for command environment: Not usable outside of PowerShell
[0.962s] DEBUG:colcon.colcon_core.shell:Skip shell extension 'dsv' for command environment
[1.526s] DEBUG:colcon.colcon_core.event_handler.log_command:Invoking command in '/home/vlad/ros2_s/src/calculator': DEBUGINFOD_URLS=https://debuginfod.ubuntu.com PYTHONPATH=/home/vlad/ros2_s/build/calculator/prefix_override:/usr/lib/python3/dist-packages/colcon_core/task/python/colcon_distutils_commands:/home/vlad/ros2_s/install/calculator/lib/python3.12/site-packages:/home/vlad/ros2_s/install/my_custom_srvs/lib/python3.12/site-packages:${PYTHONPATH} /usr/bin/python3 -W ignore:setup.py install is deprecated -W ignore:easy_install command is deprecated setup.py egg_info --egg-base ../../build/calculator build --build-base /home/vlad/ros2_s/build/calculator/build install --record /home/vlad/ros2_s/build/calculator/install.log --single-version-externally-managed install_data
[2.068s] Level 1:colcon.colcon_core.environment:checking '/home/vlad/ros2_s/install/calculator' for CMake module files
[2.069s] DEBUG:colcon.colcon_core.event_handler.log_command:Invoked command in '/home/vlad/ros2_s/src/calculator' returned '0': DEBUGINFOD_URLS=https://debuginfod.ubuntu.com PYTHONPATH=/home/vlad/ros2_s/build/calculator/prefix_override:/usr/lib/python3/dist-packages/colcon_core/task/python/colcon_distutils_commands:/home/vlad/ros2_s/install/calculator/lib/python3.12/site-packages:/home/vlad/ros2_s/install/my_custom_srvs/lib/python3.12/site-packages:${PYTHONPATH} /usr/bin/python3 -W ignore:setup.py install is deprecated -W ignore:easy_install command is deprecated setup.py egg_info --egg-base ../../build/calculator build --build-base /home/vlad/ros2_s/build/calculator/build install --record /home/vlad/ros2_s/build/calculator/install.log --single-version-externally-managed install_data
[2.069s] Level 1:colcon.colcon_core.environment:checking '/home/vlad/ros2_s/install/calculator' for CMake config files
[2.070s] Level 1:colcon.colcon_core.environment:checking '/home/vlad/ros2_s/install/calculator/lib'
[2.070s] Level 1:colcon.colcon_core.environment:checking '/home/vlad/ros2_s/install/calculator/bin'
[2.070s] Level 1:colcon.colcon_core.environment:checking '/home/vlad/ros2_s/install/calculator/lib/pkgconfig/calculator.pc'
[2.070s] Level 1:colcon.colcon_core.environment:checking '/home/vlad/ros2_s/install/calculator/lib/python3.12/site-packages'
[2.070s] Level 1:colcon.colcon_core.shell:create_environment_hook('calculator', 'pythonpath')
[2.070s] INFO:colcon.colcon_core.shell:Creating environment hook '/home/vlad/ros2_s/install/calculator/share/calculator/hook/pythonpath.ps1'
[2.071s] INFO:colcon.colcon_core.shell:Creating environment descriptor '/home/vlad/ros2_s/install/calculator/share/calculator/hook/pythonpath.dsv'
[2.071s] INFO:colcon.colcon_core.shell:Creating environment hook '/home/vlad/ros2_s/install/calculator/share/calculator/hook/pythonpath.sh'
[2.072s] Level 1:colcon.colcon_core.environment:checking '/home/vlad/ros2_s/install/calculator/bin'
[2.072s] Level 1:colcon.colcon_core.environment:create_environment_scripts_only(calculator)
[2.072s] INFO:colcon.colcon_core.shell:Creating package script '/home/vlad/ros2_s/install/calculator/share/calculator/package.ps1'
[2.072s] INFO:colcon.colcon_core.shell:Creating package descriptor '/home/vlad/ros2_s/install/calculator/share/calculator/package.dsv'
[2.073s] INFO:colcon.colcon_core.shell:Creating package script '/home/vlad/ros2_s/install/calculator/share/calculator/package.sh'
[2.073s] INFO:colcon.colcon_core.shell:Creating package script '/home/vlad/ros2_s/install/calculator/share/calculator/package.bash'
[2.073s] INFO:colcon.colcon_core.shell:Creating package script '/home/vlad/ros2_s/install/calculator/share/calculator/package.zsh'
[2.074s] Level 1:colcon.colcon_core.environment:create_file_with_runtime_dependencies(/home/vlad/ros2_s/install/calculator/share/colcon-core/packages/calculator)
[2.074s] DEBUG:colcon.colcon_parallel_executor.executor.parallel:closing loop
[2.074s] DEBUG:colcon.colcon_parallel_executor.executor.parallel:loop closed
[2.074s] DEBUG:colcon.colcon_parallel_executor.executor.parallel:run_until_complete finished with '0'
[2.074s] DEBUG:colcon.colcon_core.event_reactor:joining thread
[2.081s] INFO:colcon.colcon_core.plugin_system:Skipping extension 'colcon_notification.desktop_notification.terminal_notifier': Not used on non-Darwin systems
[2.081s] INFO:colcon.colcon_core.plugin_system:Skipping extension 'colcon_notification.desktop_notification.win32': Not used on non-Windows systems
[2.081s] INFO:colcon.colcon_notification.desktop_notification:Sending desktop notification using 'notify2'
[2.104s] DEBUG:colcon.colcon_core.event_reactor:joined thread
[2.104s] INFO:colcon.colcon_core.shell:Creating prefix script '/home/vlad/ros2_s/install/local_setup.ps1'
[2.105s] INFO:colcon.colcon_core.shell:Creating prefix util module '/home/vlad/ros2_s/install/_local_setup_util_ps1.py'
[2.106s] INFO:colcon.colcon_core.shell:Creating prefix chain script '/home/vlad/ros2_s/install/setup.ps1'
[2.107s] INFO:colcon.colcon_core.shell:Creating prefix script '/home/vlad/ros2_s/install/local_setup.sh'
[2.107s] INFO:colcon.colcon_core.shell:Creating prefix util module '/home/vlad/ros2_s/install/_local_setup_util_sh.py'
[2.108s] INFO:colcon.colcon_core.shell:Creating prefix chain script '/home/vlad/ros2_s/install/setup.sh'
[2.109s] INFO:colcon.colcon_core.shell:Creating prefix script '/home/vlad/ros2_s/install/local_setup.bash'
[2.109s] INFO:colcon.colcon_core.shell:Creating prefix chain script '/home/vlad/ros2_s/install/setup.bash'
[2.110s] INFO:colcon.colcon_core.shell:Creating prefix script '/home/vlad/ros2_s/install/local_setup.zsh'
[2.111s] INFO:colcon.colcon_core.shell:Creating prefix chain script '/home/vlad/ros2_s/install/setup.zsh'
