running egg_info
writing ../../build/calculator/calculator.egg-info/PKG-INFO
writing dependency_links to ../../build/calculator/calculator.egg-info/dependency_links.txt
writing entry points to ../../build/calculator/calculator.egg-info/entry_points.txt
writing requirements to ../../build/calculator/calculator.egg-info/requires.txt
writing top-level names to ../../build/calculator/calculator.egg-info/top_level.txt
reading manifest file '../../build/calculator/calculator.egg-info/SOURCES.txt'
writing manifest file '../../build/calculator/calculator.egg-info/SOURCES.txt'
running build
running build_py
copying calculator/sum_server.py -> /home/vlad/ros2_s/build/calculator/build/lib/calculator
copying calculator/sum_client.py -> /home/vlad/ros2_s/build/calculator/build/lib/calculator
running install
running install_lib
copying /home/vlad/ros2_s/build/calculator/build/lib/calculator/sum_server.py -> /home/vlad/ros2_s/install/calculator/lib/python3.12/site-packages/calculator
copying /home/vlad/ros2_s/build/calculator/build/lib/calculator/sum_client.py -> /home/vlad/ros2_s/install/calculator/lib/python3.12/site-packages/calculator
byte-compiling /home/vlad/ros2_s/install/calculator/lib/python3.12/site-packages/calculator/sum_server.py to sum_server.cpython-312.pyc
byte-compiling /home/vlad/ros2_s/install/calculator/lib/python3.12/site-packages/calculator/sum_client.py to sum_client.cpython-312.pyc
running install_data
running install_egg_info
removing '/home/vlad/ros2_s/install/calculator/lib/python3.12/site-packages/calculator-0.0.0-py3.12.egg-info' (and everything under it)
Copying ../../build/calculator/calculator.egg-info to /home/vlad/ros2_s/install/calculator/lib/python3.12/site-packages/calculator-0.0.0-py3.12.egg-info
running install_scripts
Installing sum_client script to /home/vlad/ros2_s/install/calculator/lib/calculator
Installing sum_server script to /home/vlad/ros2_s/install/calculator/lib/calculator
writing list of installed files to '/home/vlad/ros2_s/build/calculator/install.log'
