[0.800s] Invoking command in '/home/vlad/ros2_s/src/calculator': DEBUGINFOD_URLS=https://debuginfod.ubuntu.com PYTHONPATH=/home/vlad/ros2_s/build/calculator/prefix_override:/usr/lib/python3/dist-packages/colcon_core/task/python/colcon_distutils_commands:/home/vlad/ros2_s/install/calculator/lib/python3.12/site-packages:${PYTHONPATH} /usr/bin/python3 -W ignore:setup.py install is deprecated -W ignore:easy_install command is deprecated setup.py egg_info --egg-base ../../build/calculator build --build-base /home/vlad/ros2_s/build/calculator/build install --record /home/vlad/ros2_s/build/calculator/install.log --single-version-externally-managed install_data
[1.066s] running egg_info
[1.086s] writing ../../build/calculator/calculator.egg-info/PKG-INFO
[1.086s] writing dependency_links to ../../build/calculator/calculator.egg-info/dependency_links.txt
[1.086s] writing entry points to ../../build/calculator/calculator.egg-info/entry_points.txt
[1.087s] writing requirements to ../../build/calculator/calculator.egg-info/requires.txt
[1.087s] writing top-level names to ../../build/calculator/calculator.egg-info/top_level.txt
[1.127s] reading manifest file '../../build/calculator/calculator.egg-info/SOURCES.txt'
[1.128s] writing manifest file '../../build/calculator/calculator.egg-info/SOURCES.txt'
[1.128s] running build
[1.129s] running build_py
[1.129s] copying calculator/sum_server.py -> /home/vlad/ros2_s/build/calculator/build/lib/calculator
[1.129s] copying calculator/sum_client.py -> /home/vlad/ros2_s/build/calculator/build/lib/calculator
[1.129s] running install
[1.136s] running install_lib
[1.156s] copying /home/vlad/ros2_s/build/calculator/build/lib/calculator/sum_server.py -> /home/vlad/ros2_s/install/calculator/lib/python3.12/site-packages/calculator
[1.156s] copying /home/vlad/ros2_s/build/calculator/build/lib/calculator/sum_client.py -> /home/vlad/ros2_s/install/calculator/lib/python3.12/site-packages/calculator
[1.156s] byte-compiling /home/vlad/ros2_s/install/calculator/lib/python3.12/site-packages/calculator/sum_server.py to sum_server.cpython-312.pyc
[1.157s] byte-compiling /home/vlad/ros2_s/install/calculator/lib/python3.12/site-packages/calculator/sum_client.py to sum_client.cpython-312.pyc
[1.158s] running install_data
[1.158s] running install_egg_info
[1.179s] removing '/home/vlad/ros2_s/install/calculator/lib/python3.12/site-packages/calculator-0.0.0-py3.12.egg-info' (and everything under it)
[1.180s] Copying ../../build/calculator/calculator.egg-info to /home/vlad/ros2_s/install/calculator/lib/python3.12/site-packages/calculator-0.0.0-py3.12.egg-info
[1.180s] running install_scripts
[1.320s] Installing sum_client script to /home/vlad/ros2_s/install/calculator/lib/calculator
[1.321s] Installing sum_server script to /home/vlad/ros2_s/install/calculator/lib/calculator
[1.321s] writing list of installed files to '/home/vlad/ros2_s/build/calculator/install.log'
[1.346s] Invoked command in '/home/vlad/ros2_s/src/calculator' returned '0': DEBUGINFOD_URLS=https://debuginfod.ubuntu.com PYTHONPATH=/home/vlad/ros2_s/build/calculator/prefix_override:/usr/lib/python3/dist-packages/colcon_core/task/python/colcon_distutils_commands:/home/vlad/ros2_s/install/calculator/lib/python3.12/site-packages:${PYTHONPATH} /usr/bin/python3 -W ignore:setup.py install is deprecated -W ignore:easy_install command is deprecated setup.py egg_info --egg-base ../../build/calculator build --build-base /home/vlad/ros2_s/build/calculator/build install --record /home/vlad/ros2_s/build/calculator/install.log --single-version-externally-managed install_data
