[  2%] Built target my_custom_srvs__rosidl_generator_type_description
[  2%] Built target ament_cmake_python_copy_my_custom_srvs
[  5%] Built target my_custom_srvs__cpp
[ 20%] Built target my_custom_srvs__rosidl_generator_c
[ 41%] Built target my_custom_srvs__rosidl_typesupport_introspection_c
[ 41%] Built target my_custom_srvs__rosidl_typesupport_fastrtps_cpp
[ 50%] Built target my_custom_srvs__rosidl_typesupport_introspection_cpp
[ 55%] Built target my_custom_srvs__rosidl_typesupport_c
[ 64%] Built target my_custom_srvs__rosidl_typesupport_fastrtps_c
[ 73%] Built target my_custom_srvs__rosidl_typesupport_cpp
[ 73%] Built target my_custom_srvs
[ 76%] Built target my_custom_srvs__py
[ 82%] Built target my_custom_srvs__rosidl_generator_py
[100%] Built target my_custom_srvs_s__rosidl_typesupport_introspection_c
[100%] Built target my_custom_srvs_s__rosidl_typesupport_fastrtps_c
[100%] Built target my_custom_srvs_s__rosidl_typesupport_c
running egg_info
writing my_custom_srvs.egg-info/PKG-INFO
writing dependency_links to my_custom_srvs.egg-info/dependency_links.txt
writing top-level names to my_custom_srvs.egg-info/top_level.txt
reading manifest file 'my_custom_srvs.egg-info/SOURCES.txt'
writing manifest file 'my_custom_srvs.egg-info/SOURCES.txt'
[100%] Built target ament_cmake_python_build_my_custom_srvs_egg
-- Install configuration: ""
-- Up-to-date: /home/vlad/ros2_s/install/my_custom_srvs/share/ament_index/resource_index/rosidl_interfaces/my_custom_srvs
-- Up-to-date: /home/vlad/ros2_s/install/my_custom_srvs/share/my_custom_srvs/srv/CalculateTwoNumbers.json
-- Up-to-date: /home/vlad/ros2_s/install/my_custom_srvs/include/my_custom_srvs/my_custom_srvs
-- Up-to-date: /home/vlad/ros2_s/install/my_custom_srvs/include/my_custom_srvs/my_custom_srvs/srv
-- Up-to-date: /home/vlad/ros2_s/install/my_custom_srvs/include/my_custom_srvs/my_custom_srvs/srv/detail
-- Up-to-date: /home/vlad/ros2_s/install/my_custom_srvs/include/my_custom_srvs/my_custom_srvs/srv/detail/calculate_two_numbers__functions.c
-- Up-to-date: /home/vlad/ros2_s/install/my_custom_srvs/include/my_custom_srvs/my_custom_srvs/srv/detail/calculate_two_numbers__struct.h
-- Up-to-date: /home/vlad/ros2_s/install/my_custom_srvs/include/my_custom_srvs/my_custom_srvs/srv/detail/calculate_two_numbers__functions.h
-- Up-to-date: /home/vlad/ros2_s/install/my_custom_srvs/include/my_custom_srvs/my_custom_srvs/srv/detail/calculate_two_numbers__type_support.h
-- Up-to-date: /home/vlad/ros2_s/install/my_custom_srvs/include/my_custom_srvs/my_custom_srvs/srv/detail/calculate_two_numbers__type_support.c
-- Up-to-date: /home/vlad/ros2_s/install/my_custom_srvs/include/my_custom_srvs/my_custom_srvs/srv/detail/calculate_two_numbers__description.c
-- Up-to-date: /home/vlad/ros2_s/install/my_custom_srvs/include/my_custom_srvs/my_custom_srvs/srv/calculate_two_numbers.h
-- Up-to-date: /home/vlad/ros2_s/install/my_custom_srvs/include/my_custom_srvs/my_custom_srvs/msg
-- Up-to-date: /home/vlad/ros2_s/install/my_custom_srvs/include/my_custom_srvs/my_custom_srvs/msg/rosidl_generator_c__visibility_control.h
-- Up-to-date: /home/vlad/ros2_s/install/my_custom_srvs/share/my_custom_srvs/environment/library_path.sh
-- Up-to-date: /home/vlad/ros2_s/install/my_custom_srvs/share/my_custom_srvs/environment/library_path.dsv
-- Up-to-date: /home/vlad/ros2_s/install/my_custom_srvs/lib/libmy_custom_srvs__rosidl_generator_c.so
-- Up-to-date: /home/vlad/ros2_s/install/my_custom_srvs/include/my_custom_srvs/my_custom_srvs
-- Up-to-date: /home/vlad/ros2_s/install/my_custom_srvs/include/my_custom_srvs/my_custom_srvs/srv
-- Up-to-date: /home/vlad/ros2_s/install/my_custom_srvs/include/my_custom_srvs/my_custom_srvs/srv/detail
-- Up-to-date: /home/vlad/ros2_s/install/my_custom_srvs/include/my_custom_srvs/my_custom_srvs/srv/detail/calculate_two_numbers__rosidl_typesupport_fastrtps_c.h
-- Up-to-date: /home/vlad/ros2_s/install/my_custom_srvs/include/my_custom_srvs/my_custom_srvs/msg
-- Up-to-date: /home/vlad/ros2_s/install/my_custom_srvs/include/my_custom_srvs/my_custom_srvs/msg/rosidl_typesupport_fastrtps_c__visibility_control.h
-- Up-to-date: /home/vlad/ros2_s/install/my_custom_srvs/lib/libmy_custom_srvs__rosidl_typesupport_fastrtps_c.so
-- Up-to-date: /home/vlad/ros2_s/install/my_custom_srvs/include/my_custom_srvs/my_custom_srvs
-- Up-to-date: /home/vlad/ros2_s/install/my_custom_srvs/include/my_custom_srvs/my_custom_srvs/srv
-- Up-to-date: /home/vlad/ros2_s/install/my_custom_srvs/include/my_custom_srvs/my_custom_srvs/srv/detail
-- Up-to-date: /home/vlad/ros2_s/install/my_custom_srvs/include/my_custom_srvs/my_custom_srvs/srv/detail/calculate_two_numbers__rosidl_typesupport_introspection_c.h
-- Up-to-date: /home/vlad/ros2_s/install/my_custom_srvs/include/my_custom_srvs/my_custom_srvs/srv/detail/calculate_two_numbers__type_support.c
-- Up-to-date: /home/vlad/ros2_s/install/my_custom_srvs/include/my_custom_srvs/my_custom_srvs/msg
-- Up-to-date: /home/vlad/ros2_s/install/my_custom_srvs/include/my_custom_srvs/my_custom_srvs/msg/rosidl_typesupport_introspection_c__visibility_control.h
-- Up-to-date: /home/vlad/ros2_s/install/my_custom_srvs/lib/libmy_custom_srvs__rosidl_typesupport_introspection_c.so
-- Up-to-date: /home/vlad/ros2_s/install/my_custom_srvs/lib/libmy_custom_srvs__rosidl_typesupport_c.so
-- Up-to-date: /home/vlad/ros2_s/install/my_custom_srvs/include/my_custom_srvs/my_custom_srvs
-- Up-to-date: /home/vlad/ros2_s/install/my_custom_srvs/include/my_custom_srvs/my_custom_srvs/srv
-- Up-to-date: /home/vlad/ros2_s/install/my_custom_srvs/include/my_custom_srvs/my_custom_srvs/srv/detail
-- Up-to-date: /home/vlad/ros2_s/install/my_custom_srvs/include/my_custom_srvs/my_custom_srvs/srv/detail/calculate_two_numbers__type_support.hpp
-- Up-to-date: /home/vlad/ros2_s/install/my_custom_srvs/include/my_custom_srvs/my_custom_srvs/srv/detail/calculate_two_numbers__traits.hpp
-- Up-to-date: /home/vlad/ros2_s/install/my_custom_srvs/include/my_custom_srvs/my_custom_srvs/srv/detail/calculate_two_numbers__builder.hpp
-- Up-to-date: /home/vlad/ros2_s/install/my_custom_srvs/include/my_custom_srvs/my_custom_srvs/srv/detail/calculate_two_numbers__struct.hpp
-- Up-to-date: /home/vlad/ros2_s/install/my_custom_srvs/include/my_custom_srvs/my_custom_srvs/srv/calculate_two_numbers.hpp
-- Up-to-date: /home/vlad/ros2_s/install/my_custom_srvs/include/my_custom_srvs/my_custom_srvs/msg
-- Up-to-date: /home/vlad/ros2_s/install/my_custom_srvs/include/my_custom_srvs/my_custom_srvs/msg/rosidl_generator_cpp__visibility_control.hpp
-- Up-to-date: /home/vlad/ros2_s/install/my_custom_srvs/include/my_custom_srvs/my_custom_srvs
-- Up-to-date: /home/vlad/ros2_s/install/my_custom_srvs/include/my_custom_srvs/my_custom_srvs/srv
-- Up-to-date: /home/vlad/ros2_s/install/my_custom_srvs/include/my_custom_srvs/my_custom_srvs/srv/detail
-- Up-to-date: /home/vlad/ros2_s/install/my_custom_srvs/include/my_custom_srvs/my_custom_srvs/srv/detail/calculate_two_numbers__rosidl_typesupport_fastrtps_cpp.hpp
-- Up-to-date: /home/vlad/ros2_s/install/my_custom_srvs/include/my_custom_srvs/my_custom_srvs/srv/detail/dds_fastrtps
-- Up-to-date: /home/vlad/ros2_s/install/my_custom_srvs/include/my_custom_srvs/my_custom_srvs/msg
-- Up-to-date: /home/vlad/ros2_s/install/my_custom_srvs/include/my_custom_srvs/my_custom_srvs/msg/rosidl_typesupport_fastrtps_cpp__visibility_control.h
-- Up-to-date: /home/vlad/ros2_s/install/my_custom_srvs/lib/libmy_custom_srvs__rosidl_typesupport_fastrtps_cpp.so
-- Up-to-date: /home/vlad/ros2_s/install/my_custom_srvs/include/my_custom_srvs/my_custom_srvs
-- Up-to-date: /home/vlad/ros2_s/install/my_custom_srvs/include/my_custom_srvs/my_custom_srvs/srv
-- Up-to-date: /home/vlad/ros2_s/install/my_custom_srvs/include/my_custom_srvs/my_custom_srvs/srv/detail
-- Up-to-date: /home/vlad/ros2_s/install/my_custom_srvs/include/my_custom_srvs/my_custom_srvs/srv/detail/calculate_two_numbers__rosidl_typesupport_introspection_cpp.hpp
-- Up-to-date: /home/vlad/ros2_s/install/my_custom_srvs/include/my_custom_srvs/my_custom_srvs/srv/detail/calculate_two_numbers__type_support.cpp
-- Up-to-date: /home/vlad/ros2_s/install/my_custom_srvs/lib/libmy_custom_srvs__rosidl_typesupport_introspection_cpp.so
-- Up-to-date: /home/vlad/ros2_s/install/my_custom_srvs/lib/libmy_custom_srvs__rosidl_typesupport_cpp.so
-- Up-to-date: /home/vlad/ros2_s/install/my_custom_srvs/share/my_custom_srvs/environment/pythonpath.sh
-- Up-to-date: /home/vlad/ros2_s/install/my_custom_srvs/share/my_custom_srvs/environment/pythonpath.dsv
-- Up-to-date: /home/vlad/ros2_s/install/my_custom_srvs/lib/python3.12/site-packages/my_custom_srvs-0.0.0-py3.12.egg-info
-- Installing: /home/vlad/ros2_s/install/my_custom_srvs/lib/python3.12/site-packages/my_custom_srvs-0.0.0-py3.12.egg-info/PKG-INFO
-- Installing: /home/vlad/ros2_s/install/my_custom_srvs/lib/python3.12/site-packages/my_custom_srvs-0.0.0-py3.12.egg-info/dependency_links.txt
-- Installing: /home/vlad/ros2_s/install/my_custom_srvs/lib/python3.12/site-packages/my_custom_srvs-0.0.0-py3.12.egg-info/SOURCES.txt
-- Installing: /home/vlad/ros2_s/install/my_custom_srvs/lib/python3.12/site-packages/my_custom_srvs-0.0.0-py3.12.egg-info/top_level.txt
-- Up-to-date: /home/vlad/ros2_s/install/my_custom_srvs/lib/python3.12/site-packages/my_custom_srvs
-- Up-to-date: /home/vlad/ros2_s/install/my_custom_srvs/lib/python3.12/site-packages/my_custom_srvs/my_custom_srvs_s__rosidl_typesupport_c.so
-- Up-to-date: /home/vlad/ros2_s/install/my_custom_srvs/lib/python3.12/site-packages/my_custom_srvs/my_custom_srvs_s__rosidl_typesupport_fastrtps_c.so
-- Up-to-date: /home/vlad/ros2_s/install/my_custom_srvs/lib/python3.12/site-packages/my_custom_srvs/_my_custom_srvs_s.ep.rosidl_typesupport_fastrtps_c.c
-- Up-to-date: /home/vlad/ros2_s/install/my_custom_srvs/lib/python3.12/site-packages/my_custom_srvs/my_custom_srvs_s__rosidl_typesupport_introspection_c.so
-- Up-to-date: /home/vlad/ros2_s/install/my_custom_srvs/lib/python3.12/site-packages/my_custom_srvs/__init__.py
-- Up-to-date: /home/vlad/ros2_s/install/my_custom_srvs/lib/python3.12/site-packages/my_custom_srvs/srv
-- Up-to-date: /home/vlad/ros2_s/install/my_custom_srvs/lib/python3.12/site-packages/my_custom_srvs/srv/_calculate_two_numbers_s.c
-- Up-to-date: /home/vlad/ros2_s/install/my_custom_srvs/lib/python3.12/site-packages/my_custom_srvs/srv/__init__.py
-- Up-to-date: /home/vlad/ros2_s/install/my_custom_srvs/lib/python3.12/site-packages/my_custom_srvs/srv/_calculate_two_numbers.py
-- Up-to-date: /home/vlad/ros2_s/install/my_custom_srvs/lib/python3.12/site-packages/my_custom_srvs/_my_custom_srvs_s.ep.rosidl_typesupport_c.c
-- Up-to-date: /home/vlad/ros2_s/install/my_custom_srvs/lib/python3.12/site-packages/my_custom_srvs/_my_custom_srvs_s.ep.rosidl_typesupport_introspection_c.c
Listing '/home/vlad/ros2_s/install/my_custom_srvs/lib/python3.12/site-packages/my_custom_srvs'...
Listing '/home/vlad/ros2_s/install/my_custom_srvs/lib/python3.12/site-packages/my_custom_srvs/srv'...
-- Up-to-date: /home/vlad/ros2_s/install/my_custom_srvs/lib/python3.12/site-packages/my_custom_srvs/my_custom_srvs_s__rosidl_typesupport_fastrtps_c.so
-- Up-to-date: /home/vlad/ros2_s/install/my_custom_srvs/lib/python3.12/site-packages/my_custom_srvs/my_custom_srvs_s__rosidl_typesupport_introspection_c.so
-- Up-to-date: /home/vlad/ros2_s/install/my_custom_srvs/lib/python3.12/site-packages/my_custom_srvs/my_custom_srvs_s__rosidl_typesupport_c.so
-- Up-to-date: /home/vlad/ros2_s/install/my_custom_srvs/lib/libmy_custom_srvs__rosidl_generator_py.so
-- Up-to-date: /home/vlad/ros2_s/install/my_custom_srvs/share/my_custom_srvs/srv/CalculateTwoNumbers.idl
-- Up-to-date: /home/vlad/ros2_s/install/my_custom_srvs/share/my_custom_srvs/srv/CalculateTwoNumbers.srv
-- Up-to-date: /home/vlad/ros2_s/install/my_custom_srvs/share/ament_index/resource_index/package_run_dependencies/my_custom_srvs
-- Up-to-date: /home/vlad/ros2_s/install/my_custom_srvs/share/ament_index/resource_index/parent_prefix_path/my_custom_srvs
-- Up-to-date: /home/vlad/ros2_s/install/my_custom_srvs/share/my_custom_srvs/environment/ament_prefix_path.sh
-- Up-to-date: /home/vlad/ros2_s/install/my_custom_srvs/share/my_custom_srvs/environment/ament_prefix_path.dsv
-- Up-to-date: /home/vlad/ros2_s/install/my_custom_srvs/share/my_custom_srvs/environment/path.sh
-- Up-to-date: /home/vlad/ros2_s/install/my_custom_srvs/share/my_custom_srvs/environment/path.dsv
-- Up-to-date: /home/vlad/ros2_s/install/my_custom_srvs/share/my_custom_srvs/local_setup.bash
-- Up-to-date: /home/vlad/ros2_s/install/my_custom_srvs/share/my_custom_srvs/local_setup.sh
-- Up-to-date: /home/vlad/ros2_s/install/my_custom_srvs/share/my_custom_srvs/local_setup.zsh
-- Up-to-date: /home/vlad/ros2_s/install/my_custom_srvs/share/my_custom_srvs/local_setup.dsv
-- Installing: /home/vlad/ros2_s/install/my_custom_srvs/share/my_custom_srvs/package.dsv
-- Up-to-date: /home/vlad/ros2_s/install/my_custom_srvs/share/ament_index/resource_index/packages/my_custom_srvs
-- Up-to-date: /home/vlad/ros2_s/install/my_custom_srvs/share/my_custom_srvs/cmake/export_my_custom_srvs__rosidl_generator_cExport.cmake
-- Up-to-date: /home/vlad/ros2_s/install/my_custom_srvs/share/my_custom_srvs/cmake/export_my_custom_srvs__rosidl_generator_cExport-noconfig.cmake
-- Up-to-date: /home/vlad/ros2_s/install/my_custom_srvs/share/my_custom_srvs/cmake/export_my_custom_srvs__rosidl_typesupport_fastrtps_cExport.cmake
-- Up-to-date: /home/vlad/ros2_s/install/my_custom_srvs/share/my_custom_srvs/cmake/export_my_custom_srvs__rosidl_typesupport_fastrtps_cExport-noconfig.cmake
-- Up-to-date: /home/vlad/ros2_s/install/my_custom_srvs/share/my_custom_srvs/cmake/my_custom_srvs__rosidl_typesupport_introspection_cExport.cmake
-- Up-to-date: /home/vlad/ros2_s/install/my_custom_srvs/share/my_custom_srvs/cmake/my_custom_srvs__rosidl_typesupport_introspection_cExport-noconfig.cmake
-- Up-to-date: /home/vlad/ros2_s/install/my_custom_srvs/share/my_custom_srvs/cmake/my_custom_srvs__rosidl_typesupport_cExport.cmake
-- Up-to-date: /home/vlad/ros2_s/install/my_custom_srvs/share/my_custom_srvs/cmake/my_custom_srvs__rosidl_typesupport_cExport-noconfig.cmake
-- Up-to-date: /home/vlad/ros2_s/install/my_custom_srvs/share/my_custom_srvs/cmake/export_my_custom_srvs__rosidl_generator_cppExport.cmake
-- Up-to-date: /home/vlad/ros2_s/install/my_custom_srvs/share/my_custom_srvs/cmake/export_my_custom_srvs__rosidl_typesupport_fastrtps_cppExport.cmake
-- Up-to-date: /home/vlad/ros2_s/install/my_custom_srvs/share/my_custom_srvs/cmake/export_my_custom_srvs__rosidl_typesupport_fastrtps_cppExport-noconfig.cmake
-- Up-to-date: /home/vlad/ros2_s/install/my_custom_srvs/share/my_custom_srvs/cmake/my_custom_srvs__rosidl_typesupport_introspection_cppExport.cmake
-- Up-to-date: /home/vlad/ros2_s/install/my_custom_srvs/share/my_custom_srvs/cmake/my_custom_srvs__rosidl_typesupport_introspection_cppExport-noconfig.cmake
-- Up-to-date: /home/vlad/ros2_s/install/my_custom_srvs/share/my_custom_srvs/cmake/my_custom_srvs__rosidl_typesupport_cppExport.cmake
-- Up-to-date: /home/vlad/ros2_s/install/my_custom_srvs/share/my_custom_srvs/cmake/my_custom_srvs__rosidl_typesupport_cppExport-noconfig.cmake
-- Up-to-date: /home/vlad/ros2_s/install/my_custom_srvs/share/my_custom_srvs/cmake/export_my_custom_srvs__rosidl_generator_pyExport.cmake
-- Up-to-date: /home/vlad/ros2_s/install/my_custom_srvs/share/my_custom_srvs/cmake/export_my_custom_srvs__rosidl_generator_pyExport-noconfig.cmake
-- Up-to-date: /home/vlad/ros2_s/install/my_custom_srvs/share/my_custom_srvs/cmake/rosidl_cmake-extras.cmake
-- Up-to-date: /home/vlad/ros2_s/install/my_custom_srvs/share/my_custom_srvs/cmake/ament_cmake_export_dependencies-extras.cmake
-- Up-to-date: /home/vlad/ros2_s/install/my_custom_srvs/share/my_custom_srvs/cmake/ament_cmake_export_include_directories-extras.cmake
-- Up-to-date: /home/vlad/ros2_s/install/my_custom_srvs/share/my_custom_srvs/cmake/ament_cmake_export_libraries-extras.cmake
-- Up-to-date: /home/vlad/ros2_s/install/my_custom_srvs/share/my_custom_srvs/cmake/ament_cmake_export_targets-extras.cmake
-- Up-to-date: /home/vlad/ros2_s/install/my_custom_srvs/share/my_custom_srvs/cmake/rosidl_cmake_export_typesupport_targets-extras.cmake
-- Up-to-date: /home/vlad/ros2_s/install/my_custom_srvs/share/my_custom_srvs/cmake/rosidl_cmake_export_typesupport_libraries-extras.cmake
-- Up-to-date: /home/vlad/ros2_s/install/my_custom_srvs/share/my_custom_srvs/cmake/my_custom_srvsConfig.cmake
-- Up-to-date: /home/vlad/ros2_s/install/my_custom_srvs/share/my_custom_srvs/cmake/my_custom_srvsConfig-version.cmake
-- Up-to-date: /home/vlad/ros2_s/install/my_custom_srvs/share/my_custom_srvs/package.xml
