[0.795s] Invoking command in '/home/vlad/ros2_s/src/calculator': DEBUGINFOD_URLS=https://debuginfod.ubuntu.com PYTHONPATH=/home/vlad/ros2_s/build/calculator/prefix_override:/usr/lib/python3/dist-packages/colcon_core/task/python/colcon_distutils_commands:/home/vlad/ros2_s/install/calculator/lib/python3.12/site-packages:/home/vlad/ros2_s/install/my_custom_srvs/lib/python3.12/site-packages:${PYTHONPATH} /usr/bin/python3 -W ignore:setup.py install is deprecated -W ignore:easy_install command is deprecated setup.py egg_info --egg-base ../../build/calculator build --build-base /home/vlad/ros2_s/build/calculator/build install --record /home/vlad/ros2_s/build/calculator/install.log --single-version-externally-managed install_data
[1.064s] running egg_info
[1.064s] creating ../../build/calculator/calculator.egg-info
[1.083s] writing ../../build/calculator/calculator.egg-info/PKG-INFO
[1.084s] writing dependency_links to ../../build/calculator/calculator.egg-info/dependency_links.txt
[1.084s] writing entry points to ../../build/calculator/calculator.egg-info/entry_points.txt
[1.084s] writing requirements to ../../build/calculator/calculator.egg-info/requires.txt
[1.084s] writing top-level names to ../../build/calculator/calculator.egg-info/top_level.txt
[1.084s] writing manifest file '../../build/calculator/calculator.egg-info/SOURCES.txt'
[1.122s] reading manifest file '../../build/calculator/calculator.egg-info/SOURCES.txt'
[1.123s] writing manifest file '../../build/calculator/calculator.egg-info/SOURCES.txt'
[1.123s] running build
[1.123s] running build_py
[1.123s] creating /home/vlad/ros2_s/build/calculator/build
[1.123s] creating /home/vlad/ros2_s/build/calculator/build/lib
[1.123s] creating /home/vlad/ros2_s/build/calculator/build/lib/calculator
[1.124s] copying calculator/sum_server.py -> /home/vlad/ros2_s/build/calculator/build/lib/calculator
[1.124s] copying calculator/__init__.py -> /home/vlad/ros2_s/build/calculator/build/lib/calculator
[1.124s] copying calculator/sum_client.py -> /home/vlad/ros2_s/build/calculator/build/lib/calculator
[1.124s] running install
[1.130s] running install_lib
[1.150s] creating /home/vlad/ros2_s/install/calculator/lib/python3.12/site-packages/calculator
[1.150s] copying /home/vlad/ros2_s/build/calculator/build/lib/calculator/sum_server.py -> /home/vlad/ros2_s/install/calculator/lib/python3.12/site-packages/calculator
[1.150s] copying /home/vlad/ros2_s/build/calculator/build/lib/calculator/__init__.py -> /home/vlad/ros2_s/install/calculator/lib/python3.12/site-packages/calculator
[1.150s] copying /home/vlad/ros2_s/build/calculator/build/lib/calculator/sum_client.py -> /home/vlad/ros2_s/install/calculator/lib/python3.12/site-packages/calculator
[1.151s] byte-compiling /home/vlad/ros2_s/install/calculator/lib/python3.12/site-packages/calculator/sum_server.py to sum_server.cpython-312.pyc
[1.151s] byte-compiling /home/vlad/ros2_s/install/calculator/lib/python3.12/site-packages/calculator/__init__.py to __init__.cpython-312.pyc
[1.151s] byte-compiling /home/vlad/ros2_s/install/calculator/lib/python3.12/site-packages/calculator/sum_client.py to sum_client.cpython-312.pyc
[1.152s] running install_data
[1.152s] creating /home/vlad/ros2_s/install/calculator/share/ament_index
[1.152s] creating /home/vlad/ros2_s/install/calculator/share/ament_index/resource_index
[1.152s] creating /home/vlad/ros2_s/install/calculator/share/ament_index/resource_index/packages
[1.152s] copying resource/calculator -> /home/vlad/ros2_s/install/calculator/share/ament_index/resource_index/packages
[1.152s] copying package.xml -> /home/vlad/ros2_s/install/calculator/share/calculator
[1.153s] running install_egg_info
[1.174s] Copying ../../build/calculator/calculator.egg-info to /home/vlad/ros2_s/install/calculator/lib/python3.12/site-packages/calculator-0.0.0-py3.12.egg-info
[1.174s] running install_scripts
[1.304s] Installing sum_client script to /home/vlad/ros2_s/install/calculator/lib/calculator
[1.304s] Installing sum_server script to /home/vlad/ros2_s/install/calculator/lib/calculator
[1.304s] writing list of installed files to '/home/vlad/ros2_s/build/calculator/install.log'
[1.326s] Invoked command in '/home/vlad/ros2_s/src/calculator' returned '0': DEBUGINFOD_URLS=https://debuginfod.ubuntu.com PYTHONPATH=/home/vlad/ros2_s/build/calculator/prefix_override:/usr/lib/python3/dist-packages/colcon_core/task/python/colcon_distutils_commands:/home/vlad/ros2_s/install/calculator/lib/python3.12/site-packages:/home/vlad/ros2_s/install/my_custom_srvs/lib/python3.12/site-packages:${PYTHONPATH} /usr/bin/python3 -W ignore:setup.py install is deprecated -W ignore:easy_install command is deprecated setup.py egg_info --egg-base ../../build/calculator build --build-base /home/vlad/ros2_s/build/calculator/build install --record /home/vlad/ros2_s/build/calculator/install.log --single-version-externally-managed install_data
